../../../../../../../Drivers/STM32H5xx_HAL_Driver/Inc/stm32h5xx_ll_gpio.h:283:22:LL_GPIO_SetPinMode	4	static,ignoring_inline_asm
../../../../../../../Drivers/STM32H5xx_HAL_Driver/Inc/stm32h5xx_ll_gpio.h:424:22:LL_GPIO_SetPinSpeed	4	static,ignoring_inline_asm
../../../../../../../Drivers/STM32H5xx_HAL_Driver/Inc/stm32h5xx_ll_gpio.h:496:22:LL_GPIO_SetPinPull	4	static,ignoring_inline_asm
../../../../../../../Drivers/STM32H5xx_HAL_Driver/Inc/stm32h5xx_ll_gpio.h:569:22:LL_GPIO_SetAFPin_0_7	4	static,ignoring_inline_asm
../../../../../../../Drivers/STM32H5xx_HAL_Driver/Inc/stm32h5xx_ll_gpio.h:646:22:LL_GPIO_SetAFPin_8_15	4	static,ignoring_inline_asm
/Users/ryanoderkirk/code/X-CUBE-ST67W61-ported-NUCLEOH533RE/x-cube-st67w61/Drivers/STM32H5xx_HAL_Driver/Src/stm32h5xx_ll_gpio.c:104:13:LL_GPIO_DeInit	0	static
/Users/ryanoderkirk/code/X-CUBE-ST67W61-ported-NUCLEOH533RE/x-cube-st67w61/Drivers/STM32H5xx_HAL_Driver/Src/stm32h5xx_ll_gpio.c:186:13:LL_GPIO_Init	24	static,ignoring_inline_asm
/Users/ryanoderkirk/code/X-CUBE-ST67W61-ported-NUCLEOH533RE/x-cube-st67w61/Drivers/STM32H5xx_HAL_Driver/Src/stm32h5xx_ll_gpio.c:258:6:LL_GPIO_StructInit	0	static
