../../../../../../../Drivers/STM32H5xx_HAL_Driver/Inc/stm32h5xx_ll_rcc.h:3683:26:LL_RCC_GetClockSource	0	static
C:/Users/rmo31/Desktop/x-cube-st67w61/Drivers/STM32H5xx_HAL_Driver/Src/stm32h5xx_ll_rcc.c:199:13:LL_RCC_DeInit	0	static
C:/Users/rmo31/Desktop/x-cube-st67w61/Drivers/STM32H5xx_HAL_Driver/Src/stm32h5xx_ll_rcc.c:632:10:LL_RCC_CalcPLLClockFreq	0	static
C:/Users/rmo31/Desktop/x-cube-st67w61/Drivers/STM32H5xx_HAL_Driver/Src/stm32h5xx_ll_rcc.c:375:6:LL_RCC_GetPLL1ClockFreq	32	static
C:/Users/rmo31/Desktop/x-cube-st67w61/Drivers/STM32H5xx_HAL_Driver/Src/stm32h5xx_ll_rcc.c:458:6:LL_RCC_GetPLL2ClockFreq	32	static
C:/Users/rmo31/Desktop/x-cube-st67w61/Drivers/STM32H5xx_HAL_Driver/Src/stm32h5xx_ll_rcc.c:542:6:LL_RCC_GetPLL3ClockFreq	32	static
C:/Users/rmo31/Desktop/x-cube-st67w61/Drivers/STM32H5xx_HAL_Driver/Src/stm32h5xx_ll_rcc.c:2698:10:LL_RCC_GetSDMMCClockFreq	24	static
C:/Users/rmo31/Desktop/x-cube-st67w61/Drivers/STM32H5xx_HAL_Driver/Src/stm32h5xx_ll_rcc.c:2790:10:LL_RCC_GetRNGClockFreq	24	static
C:/Users/rmo31/Desktop/x-cube-st67w61/Drivers/STM32H5xx_HAL_Driver/Src/stm32h5xx_ll_rcc.c:2850:10:LL_RCC_GetUSBClockFreq	24	static
C:/Users/rmo31/Desktop/x-cube-st67w61/Drivers/STM32H5xx_HAL_Driver/Src/stm32h5xx_ll_rcc.c:2989:10:LL_RCC_GetDACLPClockFreq	0	static
C:/Users/rmo31/Desktop/x-cube-st67w61/Drivers/STM32H5xx_HAL_Driver/Src/stm32h5xx_ll_rcc.c:3087:10:LL_RCC_GetFDCANClockFreq	24	static
C:/Users/rmo31/Desktop/x-cube-st67w61/Drivers/STM32H5xx_HAL_Driver/Src/stm32h5xx_ll_rcc.c:3146:10:LL_RCC_GetCECClockFreq	0	static
C:/Users/rmo31/Desktop/x-cube-st67w61/Drivers/STM32H5xx_HAL_Driver/Src/stm32h5xx_ll_rcc.c:3192:10:LL_RCC_GetCLKPClockFreq	0	static
C:/Users/rmo31/Desktop/x-cube-st67w61/Drivers/STM32H5xx_HAL_Driver/Src/stm32h5xx_ll_rcc.c:2568:10:LL_RCC_GetSAIClockFreq	24	static
C:/Users/rmo31/Desktop/x-cube-st67w61/Drivers/STM32H5xx_HAL_Driver/Src/stm32h5xx_ll_rcc.c:3282:10:RCC_GetHCLKClockFreq	0	static
C:/Users/rmo31/Desktop/x-cube-st67w61/Drivers/STM32H5xx_HAL_Driver/Src/stm32h5xx_ll_rcc.c:3293:10:RCC_GetPCLK1ClockFreq	0	static
C:/Users/rmo31/Desktop/x-cube-st67w61/Drivers/STM32H5xx_HAL_Driver/Src/stm32h5xx_ll_rcc.c:3304:10:RCC_GetPCLK2ClockFreq	0	static
C:/Users/rmo31/Desktop/x-cube-st67w61/Drivers/STM32H5xx_HAL_Driver/Src/stm32h5xx_ll_rcc.c:3316:10:RCC_GetPCLK3ClockFreq	0	static
C:/Users/rmo31/Desktop/x-cube-st67w61/Drivers/STM32H5xx_HAL_Driver/Src/stm32h5xx_ll_rcc.c:3326:10:RCC_PLL1_GetFreqSystem	0	static
C:/Users/rmo31/Desktop/x-cube-st67w61/Drivers/STM32H5xx_HAL_Driver/Src/stm32h5xx_ll_rcc.c:3246:10:RCC_GetSystemClockFreq	8	static
C:/Users/rmo31/Desktop/x-cube-st67w61/Drivers/STM32H5xx_HAL_Driver/Src/stm32h5xx_ll_rcc.c:352:6:LL_RCC_GetSystemClocksFreq	8	static
C:/Users/rmo31/Desktop/x-cube-st67w61/Drivers/STM32H5xx_HAL_Driver/Src/stm32h5xx_ll_rcc.c:658:10:LL_RCC_GetUSARTClockFreq	24	static
C:/Users/rmo31/Desktop/x-cube-st67w61/Drivers/STM32H5xx_HAL_Driver/Src/stm32h5xx_ll_rcc.c:1044:10:LL_RCC_GetUARTClockFreq	24	static
C:/Users/rmo31/Desktop/x-cube-st67w61/Drivers/STM32H5xx_HAL_Driver/Src/stm32h5xx_ll_rcc.c:1425:10:LL_RCC_GetSPIClockFreq	24	static
C:/Users/rmo31/Desktop/x-cube-st67w61/Drivers/STM32H5xx_HAL_Driver/Src/stm32h5xx_ll_rcc.c:1789:10:LL_RCC_GetI2CClockFreq	24	static
C:/Users/rmo31/Desktop/x-cube-st67w61/Drivers/STM32H5xx_HAL_Driver/Src/stm32h5xx_ll_rcc.c:2002:10:LL_RCC_GetI3CClockFreq	24	static
C:/Users/rmo31/Desktop/x-cube-st67w61/Drivers/STM32H5xx_HAL_Driver/Src/stm32h5xx_ll_rcc.c:2125:10:LL_RCC_GetLPUARTClockFreq	24	static
C:/Users/rmo31/Desktop/x-cube-st67w61/Drivers/STM32H5xx_HAL_Driver/Src/stm32h5xx_ll_rcc.c:2207:10:LL_RCC_GetLPTIMClockFreq	24	static
C:/Users/rmo31/Desktop/x-cube-st67w61/Drivers/STM32H5xx_HAL_Driver/Src/stm32h5xx_ll_rcc.c:2923:10:LL_RCC_GetADCDACClockFreq	24	static
C:/Users/rmo31/Desktop/x-cube-st67w61/Drivers/STM32H5xx_HAL_Driver/Src/stm32h5xx_ll_rcc.c:3029:10:LL_RCC_GetOCTOSPIClockFreq	24	static
