/Users/ryanoderkirk/STM32CubeIDE/workspace_1.19.0/x-cube-st67w61/Drivers/STM32H5xx_HAL_Driver/Src/stm32h5xx_ll_utils.c:212:6:LL_Init1msTick	8	static
/Users/ryanoderkirk/STM32CubeIDE/workspace_1.19.0/x-cube-st67w61/Drivers/STM32H5xx_HAL_Driver/Src/stm32h5xx_ll_utils.c:226:6:LL_Init1msTick_HCLK_Div8	8	static
/Users/ryanoderkirk/STM32CubeIDE/workspace_1.19.0/x-cube-st67w61/Drivers/STM32H5xx_HAL_Driver/Src/stm32h5xx_ll_utils.c:240:6:LL_Init1msTick_LSE	0	static
/Users/ryanoderkirk/STM32CubeIDE/workspace_1.19.0/x-cube-st67w61/Drivers/STM32H5xx_HAL_Driver/Src/stm32h5xx_ll_utils.c:254:6:LL_Init1msTick_LSI	0	static
/Users/ryanoderkirk/STM32CubeIDE/workspace_1.19.0/x-cube-st67w61/Drivers/STM32H5xx_HAL_Driver/Src/stm32h5xx_ll_utils.c:272:6:LL_mDelay	8	static
/Users/ryanoderkirk/STM32CubeIDE/workspace_1.19.0/x-cube-st67w61/Drivers/STM32H5xx_HAL_Driver/Src/stm32h5xx_ll_utils.c:346:6:LL_SetSystemCoreClock	0	static
/Users/ryanoderkirk/STM32CubeIDE/workspace_1.19.0/x-cube-st67w61/Drivers/STM32H5xx_HAL_Driver/Src/stm32h5xx_ll_utils.c:659:13:LL_SetFlashLatency	0	static
/Users/ryanoderkirk/STM32CubeIDE/workspace_1.19.0/x-cube-st67w61/Drivers/STM32H5xx_HAL_Driver/Src/stm32h5xx_ll_utils.c:897:20:UTILS_EnablePLLAndSwitchSystem	24	static
/Users/ryanoderkirk/STM32CubeIDE/workspace_1.19.0/x-cube-st67w61/Drivers/STM32H5xx_HAL_Driver/Src/stm32h5xx_ll_utils.c:369:13:LL_PLL_ConfigSystemClock_CSI	16	static
/Users/ryanoderkirk/STM32CubeIDE/workspace_1.19.0/x-cube-st67w61/Drivers/STM32H5xx_HAL_Driver/Src/stm32h5xx_ll_utils.c:459:13:LL_PLL_ConfigSystemClock_HSI	16	static
/Users/ryanoderkirk/STM32CubeIDE/workspace_1.19.0/x-cube-st67w61/Drivers/STM32H5xx_HAL_Driver/Src/stm32h5xx_ll_utils.c:553:13:LL_PLL_ConfigSystemClock_HSE	20	static
