Archive member included to satisfy reference by file (symbol)

C:/ST/STM32CubeIDE_1.19.0/STM32CubeIDE/plugins/com.st.stm32cube.ide.mcu.externaltools.gnu-tools-for-stm32.13.3.rel1.win32_1.0.0.202411081344/tools/bin/../lib/gcc/arm-none-eabi/13.3.1/../../../../arm-none-eabi/lib/thumb/v8-m.main+fp/hard\libc_nano.a(libc_a-exit.o)
                              C:/ST/STM32CubeIDE_1.19.0/STM32CubeIDE/plugins/com.st.stm32cube.ide.mcu.externaltools.gnu-tools-for-stm32.13.3.rel1.win32_1.0.0.202411081344/tools/bin/../lib/gcc/arm-none-eabi/13.3.1/../../../../arm-none-eabi/lib/thumb/v8-m.main+fp/hard/crt0.o (exit)
C:/ST/STM32CubeIDE_1.19.0/STM32CubeIDE/plugins/com.st.stm32cube.ide.mcu.externaltools.gnu-tools-for-stm32.13.3.rel1.win32_1.0.0.202411081344/tools/bin/../lib/gcc/arm-none-eabi/13.3.1/../../../../arm-none-eabi/lib/thumb/v8-m.main+fp/hard\libc_nano.a(libc_a-findfp.o)
                              C:/ST/STM32CubeIDE_1.19.0/STM32CubeIDE/plugins/com.st.stm32cube.ide.mcu.externaltools.gnu-tools-for-stm32.13.3.rel1.win32_1.0.0.202411081344/tools/bin/../lib/gcc/arm-none-eabi/13.3.1/../../../../arm-none-eabi/lib/thumb/v8-m.main+fp/hard\libc_nano.a(libc_a-exit.o) (__stdio_exit_handler)
C:/ST/STM32CubeIDE_1.19.0/STM32CubeIDE/plugins/com.st.stm32cube.ide.mcu.externaltools.gnu-tools-for-stm32.13.3.rel1.win32_1.0.0.202411081344/tools/bin/../lib/gcc/arm-none-eabi/13.3.1/../../../../arm-none-eabi/lib/thumb/v8-m.main+fp/hard\libc_nano.a(libc_a-fwalk.o)
                              C:/ST/STM32CubeIDE_1.19.0/STM32CubeIDE/plugins/com.st.stm32cube.ide.mcu.externaltools.gnu-tools-for-stm32.13.3.rel1.win32_1.0.0.202411081344/tools/bin/../lib/gcc/arm-none-eabi/13.3.1/../../../../arm-none-eabi/lib/thumb/v8-m.main+fp/hard\libc_nano.a(libc_a-findfp.o) (_fwalk_sglue)
C:/ST/STM32CubeIDE_1.19.0/STM32CubeIDE/plugins/com.st.stm32cube.ide.mcu.externaltools.gnu-tools-for-stm32.13.3.rel1.win32_1.0.0.202411081344/tools/bin/../lib/gcc/arm-none-eabi/13.3.1/../../../../arm-none-eabi/lib/thumb/v8-m.main+fp/hard\libc_nano.a(libc_a-stdio.o)
                              C:/ST/STM32CubeIDE_1.19.0/STM32CubeIDE/plugins/com.st.stm32cube.ide.mcu.externaltools.gnu-tools-for-stm32.13.3.rel1.win32_1.0.0.202411081344/tools/bin/../lib/gcc/arm-none-eabi/13.3.1/../../../../arm-none-eabi/lib/thumb/v8-m.main+fp/hard\libc_nano.a(libc_a-findfp.o) (__sread)
C:/ST/STM32CubeIDE_1.19.0/STM32CubeIDE/plugins/com.st.stm32cube.ide.mcu.externaltools.gnu-tools-for-stm32.13.3.rel1.win32_1.0.0.202411081344/tools/bin/../lib/gcc/arm-none-eabi/13.3.1/../../../../arm-none-eabi/lib/thumb/v8-m.main+fp/hard\libc_nano.a(libc_a-memset.o)
                              C:/ST/STM32CubeIDE_1.19.0/STM32CubeIDE/plugins/com.st.stm32cube.ide.mcu.externaltools.gnu-tools-for-stm32.13.3.rel1.win32_1.0.0.202411081344/tools/bin/../lib/gcc/arm-none-eabi/13.3.1/../../../../arm-none-eabi/lib/thumb/v8-m.main+fp/hard/crt0.o (memset)
C:/ST/STM32CubeIDE_1.19.0/STM32CubeIDE/plugins/com.st.stm32cube.ide.mcu.externaltools.gnu-tools-for-stm32.13.3.rel1.win32_1.0.0.202411081344/tools/bin/../lib/gcc/arm-none-eabi/13.3.1/../../../../arm-none-eabi/lib/thumb/v8-m.main+fp/hard\libc_nano.a(libc_a-closer.o)
                              C:/ST/STM32CubeIDE_1.19.0/STM32CubeIDE/plugins/com.st.stm32cube.ide.mcu.externaltools.gnu-tools-for-stm32.13.3.rel1.win32_1.0.0.202411081344/tools/bin/../lib/gcc/arm-none-eabi/13.3.1/../../../../arm-none-eabi/lib/thumb/v8-m.main+fp/hard\libc_nano.a(libc_a-stdio.o) (_close_r)
C:/ST/STM32CubeIDE_1.19.0/STM32CubeIDE/plugins/com.st.stm32cube.ide.mcu.externaltools.gnu-tools-for-stm32.13.3.rel1.win32_1.0.0.202411081344/tools/bin/../lib/gcc/arm-none-eabi/13.3.1/../../../../arm-none-eabi/lib/thumb/v8-m.main+fp/hard\libc_nano.a(libc_a-reent.o)
                              C:/ST/STM32CubeIDE_1.19.0/STM32CubeIDE/plugins/com.st.stm32cube.ide.mcu.externaltools.gnu-tools-for-stm32.13.3.rel1.win32_1.0.0.202411081344/tools/bin/../lib/gcc/arm-none-eabi/13.3.1/../../../../arm-none-eabi/lib/thumb/v8-m.main+fp/hard\libc_nano.a(libc_a-closer.o) (errno)
C:/ST/STM32CubeIDE_1.19.0/STM32CubeIDE/plugins/com.st.stm32cube.ide.mcu.externaltools.gnu-tools-for-stm32.13.3.rel1.win32_1.0.0.202411081344/tools/bin/../lib/gcc/arm-none-eabi/13.3.1/../../../../arm-none-eabi/lib/thumb/v8-m.main+fp/hard\libc_nano.a(libc_a-impure.o)
                              C:/ST/STM32CubeIDE_1.19.0/STM32CubeIDE/plugins/com.st.stm32cube.ide.mcu.externaltools.gnu-tools-for-stm32.13.3.rel1.win32_1.0.0.202411081344/tools/bin/../lib/gcc/arm-none-eabi/13.3.1/../../../../arm-none-eabi/lib/thumb/v8-m.main+fp/hard\libc_nano.a(libc_a-reent.o) (_impure_ptr)
C:/ST/STM32CubeIDE_1.19.0/STM32CubeIDE/plugins/com.st.stm32cube.ide.mcu.externaltools.gnu-tools-for-stm32.13.3.rel1.win32_1.0.0.202411081344/tools/bin/../lib/gcc/arm-none-eabi/13.3.1/../../../../arm-none-eabi/lib/thumb/v8-m.main+fp/hard\libc_nano.a(libc_a-lseekr.o)
[...]
Memory Configuration

Name             Origin             Length             Attributes
RAM              0x20000000         0x00044000         xrw
FLASH            0x08000000         0x00080000         xr
*default*        0x00000000         0xffffffff

Linker script and memory map

LOAD C:/ST/STM32CubeIDE_1.19.0/STM32CubeIDE/plugins/com.st.stm32cube.ide.mcu.externaltools.gnu-tools-for-stm32.13.3.rel1.win32_1.0.0.202411081344/tools/bin/../lib/gcc/arm-none-eabi/13.3.1/thumb/v8-m.main+fp/hard/crti.o
LOAD C:/ST/STM32CubeIDE_1.19.0/STM32CubeIDE/plugins/com.st.stm32cube.ide.mcu.externaltools.gnu-tools-for-stm32.13.3.rel1.win32_1.0.0.202411081344/tools/bin/../lib/gcc/arm-none-eabi/13.3.1/thumb/v8-m.main+fp/hard/crtbegin.o
LOAD C:/ST/STM32CubeIDE_1.19.0/STM32CubeIDE/plugins/com.st.stm32cube.ide.mcu.externaltools.gnu-tools-for-stm32.13.3.rel1.win32_1.0.0.202411081344/tools/bin/../lib/gcc/arm-none-eabi/13.3.1/../../../../arm-none-eabi/lib/thumb/v8-m.main+fp/hard/crt0.o
LOAD ./Application/User/Core/main.o
LOAD ./Application/User/Core/stm32h5xx_hal_msp.o
LOAD ./Application/User/Core/stm32h5xx_it.o
LOAD ./Application/User/Core/syscalls.o
LOAD ./Application/User/Core/sysmem.o
LOAD ./Application/User/Startup/startup_stm32h533retx.o
LOAD ./Drivers/CMSIS/system_stm32h5xx.o
LOAD ./Drivers/STM32H5xx_HAL_Driver/stm32h5xx_hal.o
LOAD ./Drivers/STM32H5xx_HAL_Driver/stm32h5xx_hal_cortex.o
LOAD ./Drivers/STM32H5xx_HAL_Driver/stm32h5xx_hal_dma.o
LOAD ./Drivers/STM32H5xx_HAL_Driver/stm32h5xx_hal_exti.o
LOAD ./Drivers/STM32H5xx_HAL_Driver/stm32h5xx_hal_flash.o
LOAD ./Drivers/STM32H5xx_HAL_Driver/stm32h5xx_hal_flash_ex.o
LOAD ./Drivers/STM32H5xx_HAL_Driver/stm32h5xx_hal_gpio.o
LOAD ./Drivers/STM32H5xx_HAL_Driver/stm32h5xx_hal_icache.o
LOAD ./Drivers/STM32H5xx_HAL_Driver/stm32h5xx_hal_pwr.o
LOAD ./Drivers/STM32H5xx_HAL_Driver/stm32h5xx_hal_pwr_ex.o
LOAD ./Drivers/STM32H5xx_HAL_Driver/stm32h5xx_hal_rcc.o
LOAD ./Drivers/STM32H5xx_HAL_Driver/stm32h5xx_hal_rcc_ex.o
LOAD ./Drivers/STM32H5xx_HAL_Driver/stm32h5xx_ll_exti.o
LOAD ./Drivers/STM32H5xx_HAL_Driver/stm32h5xx_ll_gpio.o
LOAD ./Drivers/STM32H5xx_HAL_Driver/stm32h5xx_ll_rcc.o
LOAD ./Drivers/STM32H5xx_HAL_Driver/stm32h5xx_ll_utils.o
START GROUP
LOAD C:/ST/STM32CubeIDE_1.19.0/STM32CubeIDE/plugins/com.st.stm32cube.ide.mcu.externaltools.gnu-tools-for-stm32.13.3.rel1.win32_1.0.0.202411081344/tools/bin/../lib/gcc/arm-none-eabi/13.3.1/../../../../arm-none-eabi/lib/thumb/v8-m.main+fp/hard\libc_nano.a
LOAD C:/ST/STM32CubeIDE_1.19.0/STM32CubeIDE/plugins/com.st.stm32cube.ide.mcu.externaltools.gnu-tools-for-stm32.13.3.rel1.win32_1.0.0.202411081344/tools/bin/../lib/gcc/arm-none-eabi/13.3.1/../../../../arm-none-eabi/lib/thumb/v8-m.main+fp/hard\libm.a
END GROUP
START GROUP
LOAD C:/ST/STM32CubeIDE_1.19.0/STM32CubeIDE/plugins/com.st.stm32cube.ide.mcu.externaltools.gnu-tools-for-stm32.13.3.rel1.win32_1.0.0.202411081344/tools/bin/../lib/gcc/arm-none-eabi/13.3.1/thumb/v8-m.main+fp/hard\libgcc.a
LOAD C:/ST/STM32CubeIDE_1.19.0/STM32CubeIDE/plugins/com.st.stm32cube.ide.mcu.externaltools.gnu-tools-for-stm32.13.3.rel1.win32_1.0.0.202411081344/tools/bin/../lib/gcc/arm-none-eabi/13.3.1/../../../../arm-none-eabi/lib/thumb/v8-m.main+fp/hard\libc_nano.a
END GROUP
START GROUP
LOAD C:/ST/STM32CubeIDE_1.19.0/STM32CubeIDE/plugins/com.st.stm32cube.ide.mcu.externaltools.gnu-tools-for-stm32.13.3.rel1.win32_1.0.0.202411081344/tools/bin/../lib/gcc/arm-none-eabi/13.3.1/thumb/v8-m.main+fp/hard\libgcc.a
LOAD C:/ST/STM32CubeIDE_1.19.0/STM32CubeIDE/plugins/com.st.stm32cube.ide.mcu.externaltools.gnu-tools-for-stm32.13.3.rel1.win32_1.0.0.202411081344/tools/bin/../lib/gcc/arm-none-eabi/13.3.1/../../../../arm-none-eabi/lib/thumb/v8-m.main+fp/hard\libc_nano.a
LOAD C:/ST/STM32CubeIDE_1.19.0/STM32CubeIDE/plugins/com.st.stm32cube.ide.mcu.externaltools.gnu-tools-for-stm32.13.3.rel1.win32_1.0.0.202411081344/tools/bin/../lib/gcc/arm-none-eabi/13.3.1/../../../../arm-none-eabi/lib/thumb/v8-m.main+fp/hard\libnosys.a
END GROUP
START GROUP
LOAD C:/ST/STM32CubeIDE_1.19.0/STM32CubeIDE/plugins/com.st.stm32cube.ide.mcu.externaltools.gnu-tools-for-stm32.13.3.rel1.win32_1.0.0.202411081344/tools/bin/../lib/gcc/arm-none-eabi/13.3.1/thumb/v8-m.main+fp/hard\libgcc.a
LOAD C:/ST/STM32CubeIDE_1.19.0/STM32CubeIDE/plugins/com.st.stm32cube.ide.mcu.externaltools.gnu-tools-for-stm32.13.3.rel1.win32_1.0.0.202411081344/tools/bin/../lib/gcc/arm-none-eabi/13.3.1/../../../../arm-none-eabi/lib/thumb/v8-m.main+fp/hard\libc_nano.a
LOAD C:/ST/STM32CubeIDE_1.19.0/STM32CubeIDE/plugins/com.st.stm32cube.ide.mcu.externaltools.gnu-tools-for-stm32.13.3.rel1.win32_1.0.0.202411081344/tools/bin/../lib/gcc/arm-none-eabi/13.3.1/../../../../arm-none-eabi/lib/thumb/v8-m.main+fp/hard\libnosys.a
END GROUP
LOAD C:/ST/STM32CubeIDE_1.19.0/STM32CubeIDE/plugins/com.st.stm32cube.ide.mcu.externaltools.gnu-tools-for-stm32.13.3.rel1.win32_1.0.0.202411081344/tools/bin/../lib/gcc/arm-none-eabi/13.3.1/thumb/v8-m.main+fp/hard/crtend.o
LOAD C:/ST/STM32CubeIDE_1.19.0/STM32CubeIDE/plugins/com.st.stm32cube.ide.mcu.externaltools.gnu-tools-for-stm32.13.3.rel1.win32_1.0.0.202411081344/tools/bin/../lib/gcc/arm-none-eabi/13.3.1/thumb/v8-m.main+fp/hard/crtn.o
                0x20044000                        _estack = (ORIGIN (RAM) + LENGTH (RAM))
                0x00000200                        _Min_Heap_Size = 0x200
                0x00000400                        _Min_Stack_Size = 0x400

.isr_vector     0x08000000      0x254
                0x08000000                        . = ALIGN (0x4)
 *(.isr_vector)
 .isr_vector    0x08000000      0x254 ./Application/User/Startup/startup_stm32h533retx.o
                0x08000000                g_pfnVectors
                0x08000254                        . = ALIGN (0x4)

.text           0x08000254     0x17cc
                0x08000254                        . = ALIGN (0x4)
 *(.text)
 .text          0x08000254       0x40 C:/ST/STM32CubeIDE_1.19.0/STM32CubeIDE/plugins/com.st.stm32cube.ide.mcu.externaltools.gnu-tools-for-stm32.13.3.rel1.win32_1.0.0.202411081344/tools/bin/../lib/gcc/arm-none-eabi/13.3.1/thumb/v8-m.main+fp/hard/crtbegin.o
 *(.text*)
 .text.NVIC_EncodePriority
                0x08000294       0x3e ./Application/User/Core/main.o
 *fill*         0x080002d2        0x2 
 .text.uart_pass_through
                0x080002d4       0x54 ./Application/User/Core/main.o
 .text.LL_GPIO_SetPinMode
                0x08000328       0x3c ./Application/User/Core/main.o
 .text.LL_GPIO_SetPinPull
                0x08000364       0x3c ./Application/User/Core/main.o
 .text.MX_GPIO_Init
                0x080003a0      0x1c8 ./Application/User/Core/main.o
 .text.uart_bypass
                0x08000568       0x94 ./Application/User/Core/main.o
 .text.Error_Handler
                0x080005fc        0x4 ./Application/User/Core/main.o
                0x080005fc                Error_Handler
 .text.MX_ICACHE_Init
                0x08000600        0xe ./Application/User/Core/main.o
 *fill*         0x0800060e        0x2 
 .text.SystemClock_Config
                0x08000610       0xb0 ./Application/User/Core/main.o
                0x08000610                SystemClock_Config
 .text.main     0x080006c0       0x20 ./Application/User/Core/main.o
                0x080006c0                main
 .text.HAL_MspInit
                0x080006e0        0x8 ./Application/User/Core/stm32h5xx_hal_msp.o
                0x080006e0                HAL_MspInit
 .text.NMI_Handler
                0x080006e8        0x2 ./Application/User/Core/stm32h5xx_it.o
                0x080006e8                NMI_Handler
 .text.HardFault_Handler
                0x080006ea        0x2 ./Application/User/Core/stm32h5xx_it.o
                0x080006ea                HardFault_Handler
 .text.MemManage_Handler
                0x080006ec        0x2 ./Application/User/Core/stm32h5xx_it.o
                0x080006ec                MemManage_Handler
 .text.BusFault_Handler
                0x080006ee        0x2 ./Application/User/Core/stm32h5xx_it.o
                0x080006ee                BusFault_Handler
 .text.UsageFault_Handler
                0x080006f0        0x2 ./Application/User/Core/stm32h5xx_it.o
                0x080006f0                UsageFault_Handler
 .text.SVC_Handler
                0x080006f2        0x2 ./Application/User/Core/stm32h5xx_it.o
                0x080006f2                SVC_Handler
 .text.DebugMon_Handler
                0x080006f4        0x2 ./Application/User/Core/stm32h5xx_it.o
                0x080006f4                DebugMon_Handler
 .text.PendSV_Handler
                0x080006f6        0x2 ./Application/User/Core/stm32h5xx_it.o
                0x080006f6                PendSV_Handler
 .text.SysTick_Handler
                0x080006f8        0x8 ./Application/User/Core/stm32h5xx_it.o
                0x080006f8                SysTick_Handler
 .text.EXTI13_IRQHandler
                0x08000700       0x1c ./Application/User/Core/stm32h5xx_it.o
                0x08000700                EXTI13_IRQHandler
 .text.Reset_Handler
                0x0800071c       0x50 ./Application/User/Startup/startup_stm32h533retx.o
                0x0800071c                Reset_Handler
 .text.Default_Handler
                0x0800076c        0x2 ./Application/User/Startup/startup_stm32h533retx.o
                0x0800076c                EXTI2_IRQHandler
                0x0800076c                TIM8_TRG_COM_IRQHandler
                0x0800076c                TIM8_CC_IRQHandler
                0x0800076c                EXTI5_IRQHandler
                0x0800076c                I3C1_ER_IRQHandler
                0x0800076c                SPI4_IRQHandler
                0x0800076c                GPDMA2_Channel1_IRQHandler
                0x0800076c                FLASH_S_IRQHandler
                0x0800076c                TIM1_CC_IRQHandler
                0x0800076c                GPDMA2_Channel3_IRQHandler
                0x0800076c                TAMP_IRQHandler
                0x0800076c                TIM6_IRQHandler
                0x0800076c                EXTI12_IRQHandler
                0x0800076c                USB_DRD_FS_IRQHandler
                0x0800076c                EXTI3_IRQHandler
                0x0800076c                GPDMA1_Channel5_IRQHandler
                0x0800076c                EXTI8_IRQHandler
                0x0800076c                GPDMA2_Channel5_IRQHandler
                0x0800076c                LPTIM2_IRQHandler
                0x0800076c                I2C3_ER_IRQHandler
                0x0800076c                GPDMA2_Channel2_IRQHandler
                0x0800076c                EXTI0_IRQHandler
                0x0800076c                I2C2_EV_IRQHandler
                0x0800076c                FPU_IRQHandler
                0x0800076c                GPDMA1_Channel3_IRQHandler
                0x0800076c                GPDMA1_Channel7_IRQHandler
                0x0800076c                FDCAN1_IT1_IRQHandler
                0x0800076c                RAMCFG_IRQHandler
                0x0800076c                DCACHE1_IRQHandler
                0x0800076c                SPI1_IRQHandler
                0x0800076c                OCTOSPI1_IRQHandler
                0x0800076c                GPDMA1_Channel2_IRQHandler
                0x0800076c                TIM8_UP_IRQHandler
                0x0800076c                RCC_S_IRQHandler
                0x0800076c                ADC1_IRQHandler
                0x0800076c                PKA_IRQHandler
                0x0800076c                USART6_IRQHandler
                0x0800076c                I3C2_ER_IRQHandler
                0x0800076c                EXTI15_IRQHandler
                0x0800076c                USART3_IRQHandler
                0x0800076c                RTC_IRQHandler
                0x0800076c                EXTI9_IRQHandler
                0x0800076c                UART5_IRQHandler
                0x0800076c                TIM4_IRQHandler
                0x0800076c                I3C2_EV_IRQHandler
                0x0800076c                I2C1_EV_IRQHandler
                0x0800076c                GPDMA1_Channel1_IRQHandler
                0x0800076c                UART4_IRQHandler
                0x0800076c                SecureFault_Handler
                0x0800076c                TIM3_IRQHandler
                0x0800076c                RCC_IRQHandler
                0x0800076c                TIM1_TRG_COM_IRQHandler
                0x0800076c                Default_Handler
                0x0800076c                CEC_IRQHandler
                0x0800076c                OTFDEC1_IRQHandler
                0x0800076c                GPDMA2_Channel4_IRQHandler
                0x0800076c                TIM12_IRQHandler
                0x0800076c                TIM7_IRQHandler
                0x0800076c                SDMMC1_IRQHandler
                0x0800076c                SAES_IRQHandler
                0x0800076c                TIM5_IRQHandler
                0x0800076c                UCPD1_IRQHandler
                0x0800076c                GPDMA1_Channel0_IRQHandler
                0x0800076c                I3C1_EV_IRQHandler
                0x0800076c                TIM15_IRQHandler
                0x0800076c                PVD_AVD_IRQHandler
                0x0800076c                I2C3_EV_IRQHandler
                0x0800076c                ADC2_IRQHandler
                0x0800076c                SPI2_IRQHandler
                0x0800076c                EXTI14_IRQHandler
                0x0800076c                EXTI11_IRQHandler
                0x0800076c                CRS_IRQHandler
                0x0800076c                EXTI4_IRQHandler
                0x0800076c                GPDMA2_Channel0_IRQHandler
                0x0800076c                RTC_S_IRQHandler
                0x0800076c                RNG_IRQHandler
                0x0800076c                FDCAN2_IT1_IRQHandler
                0x0800076c                GPDMA2_Channel6_IRQHandler
                0x0800076c                TIM1_UP_IRQHandler
                0x0800076c                WWDG_IRQHandler
                0x0800076c                FDCAN2_IT0_IRQHandler
                0x0800076c                IWDG_IRQHandler
                0x0800076c                LPUART1_IRQHandler
                0x0800076c                FDCAN1_IT0_IRQHandler
                0x0800076c                TIM2_IRQHandler
                0x0800076c                GPDMA1_Channel4_IRQHandler
                0x0800076c                EXTI7_IRQHandler
                0x0800076c                TIM1_BRK_IRQHandler
                0x0800076c                EXTI1_IRQHandler
                0x0800076c                AES_IRQHandler
                0x0800076c                DAC1_IRQHandler
                0x0800076c                DTS_IRQHandler
                0x0800076c                GTZC_IRQHandler
                0x0800076c                USART2_IRQHandler
                0x0800076c                GPDMA1_Channel6_IRQHandler
                0x0800076c                GPDMA2_Channel7_IRQHandler
                0x0800076c                I2C2_ER_IRQHandler
                0x0800076c                TIM8_BRK_IRQHandler
                0x0800076c                FLASH_IRQHandler
                0x0800076c                USART1_IRQHandler
                0x0800076c                EXTI10_IRQHandler
                0x0800076c                SPI3_IRQHandler
                0x0800076c                I2C1_ER_IRQHandler
                0x0800076c                FMC_IRQHandler
                0x0800076c                EXTI6_IRQHandler
                0x0800076c                LPTIM1_IRQHandler
                0x0800076c                DCMI_PSSI_IRQHandler
                0x0800076c                ICACHE_IRQHandler
                0x0800076c                HASH_IRQHandler
 *fill*         0x0800076e        0x2 
 .text.SystemInit
                0x08000770       0xa4 ./Drivers/CMSIS/system_stm32h5xx.o
                0x08000770                SystemInit
 .text.HAL_InitTick
                0x08000814       0xac ./Drivers/STM32H5xx_HAL_Driver/stm32h5xx_hal.o
                0x08000814                HAL_InitTick
 .text.HAL_Init
                0x080008c0       0x48 ./Drivers/STM32H5xx_HAL_Driver/stm32h5xx_hal.o
                0x080008c0                HAL_Init
 .text.HAL_IncTick
                0x08000908       0x18 ./Drivers/STM32H5xx_HAL_Driver/stm32h5xx_hal.o
                0x08000908                HAL_IncTick
 .text.HAL_GetTick
                0x08000920        0xc ./Drivers/STM32H5xx_HAL_Driver/stm32h5xx_hal.o
                0x08000920                HAL_GetTick
 .text.HAL_Delay
                0x0800092c       0x28 ./Drivers/STM32H5xx_HAL_Driver/stm32h5xx_hal.o
                0x0800092c                HAL_Delay
 .text.__NVIC_SetPriority
                0x08000954       0x28 ./Drivers/STM32H5xx_HAL_Driver/stm32h5xx_hal_cortex.o
 .text.NVIC_EncodePriority
                0x0800097c       0x3e ./Drivers/STM32H5xx_HAL_Driver/stm32h5xx_hal_cortex.o
 *fill*         0x080009ba        0x2 
 .text.HAL_NVIC_SetPriorityGrouping
                0x080009bc       0x24 ./Drivers/STM32H5xx_HAL_Driver/stm32h5xx_hal_cortex.o
                0x080009bc                HAL_NVIC_SetPriorityGrouping
 .text.HAL_NVIC_SetPriority
                0x080009e0       0x20 ./Drivers/STM32H5xx_HAL_Driver/stm32h5xx_hal_cortex.o
                0x080009e0                HAL_NVIC_SetPriority
 .text.HAL_SYSTICK_Config
                0x08000a00       0x20 ./Drivers/STM32H5xx_HAL_Driver/stm32h5xx_hal_cortex.o
                0x08000a00                HAL_SYSTICK_Config
 .text.HAL_SYSTICK_CLKSourceConfig
                0x08000a20       0x7c ./Drivers/STM32H5xx_HAL_Driver/stm32h5xx_hal_cortex.o
                0x08000a20                HAL_SYSTICK_CLKSourceConfig
 .text.HAL_SYSTICK_GetCLKSourceConfig
                0x08000a9c       0x30 ./Drivers/STM32H5xx_HAL_Driver/stm32h5xx_hal_cortex.o
                0x08000a9c                HAL_SYSTICK_GetCLKSourceConfig
 .text.HAL_ICACHE_Enable
                0x08000acc       0x14 ./Drivers/STM32H5xx_HAL_Driver/stm32h5xx_hal_icache.o
                0x08000acc                HAL_ICACHE_Enable
 .text.HAL_PWREx_DisableUCPDDeadBattery
                0x08000ae0       0x10 ./Drivers/STM32H5xx_HAL_Driver/stm32h5xx_hal_pwr_ex.o
                0x08000ae0                HAL_PWREx_DisableUCPDDeadBattery
 .text.HAL_RCC_GetSysClockFreq
                0x08000af0      0x1d8 ./Drivers/STM32H5xx_HAL_Driver/stm32h5xx_hal_rcc.o
                0x08000af0                HAL_RCC_GetSysClockFreq
 .text.HAL_RCC_ClockConfig
                0x08000cc8      0x298 ./Drivers/STM32H5xx_HAL_Driver/stm32h5xx_hal_rcc.o
                0x08000cc8                HAL_RCC_ClockConfig
 .text.HAL_RCC_GetHCLKFreq
                0x08000f60       0x2c ./Drivers/STM32H5xx_HAL_Driver/stm32h5xx_hal_rcc.o
                0x08000f60                HAL_RCC_GetHCLKFreq
 .text.HAL_RCC_OscConfig
                0x08000f8c      0x68c ./Drivers/STM32H5xx_HAL_Driver/stm32h5xx_hal_rcc.o
                0x08000f8c                HAL_RCC_OscConfig
 .text.LL_EXTI_Init
                0x08001618      0x1d4 ./Drivers/STM32H5xx_HAL_Driver/stm32h5xx_ll_exti.o
                0x08001618                LL_EXTI_Init
 .text.LL_GPIO_SetPinMode
                0x080017ec       0x3c ./Drivers/STM32H5xx_HAL_Driver/stm32h5xx_ll_gpio.o
 .text.LL_GPIO_SetPinSpeed
                0x08001828       0x3c ./Drivers/STM32H5xx_HAL_Driver/stm32h5xx_ll_gpio.o
 .text.LL_GPIO_SetPinPull
                0x08001864       0x3c ./Drivers/STM32H5xx_HAL_Driver/stm32h5xx_ll_gpio.o
 .text.LL_GPIO_SetAFPin_0_7
                0x080018a0       0x3c ./Drivers/STM32H5xx_HAL_Driver/stm32h5xx_ll_gpio.o
 .text.LL_GPIO_SetAFPin_8_15
                0x080018dc       0x3e ./Drivers/STM32H5xx_HAL_Driver/stm32h5xx_ll_gpio.o
 .text.LL_GPIO_Init
                0x0800191a       0x94 ./Drivers/STM32H5xx_HAL_Driver/stm32h5xx_ll_gpio.o
                0x0800191a                LL_GPIO_Init
 .text.memset   0x080019ae       0x10 C:/ST/STM32CubeIDE_1.19.0/STM32CubeIDE/plugins/com.st.stm32cube.ide.mcu.externaltools.gnu-tools-for-stm32.13.3.rel1.win32_1.0.0.202411081344/tools/bin/../lib/gcc/arm-none-eabi/13.3.1/../../../../arm-none-eabi/lib/thumb/v8-m.main+fp/hard\libc_nano.a(libc_a-memset.o)
                0x080019ae                memset
 *fill*         0x080019be        0x2 
 .text.__libc_init_array
                0x080019c0       0x48 C:/ST/STM32CubeIDE_1.19.0/STM32CubeIDE/plugins/com.st.stm32cube.ide.mcu.externaltools.gnu-tools-for-stm32.13.3.rel1.win32_1.0.0.202411081344/tools/bin/../lib/gcc/arm-none-eabi/13.3.1/../../../../arm-none-eabi/lib/thumb/v8-m.main+fp/hard\libc_nano.a(libc_a-init.o)
                0x080019c0                __libc_init_array
 *(.glue_7)
 .glue_7        0x08001a08        0x0 linker stubs
 *(.glue_7t)
 .glue_7t       0x08001a08        0x0 linker stubs
 *(.eh_frame)
 .eh_frame      0x08001a08        0x0 C:/ST/STM32CubeIDE_1.19.0/STM32CubeIDE/plugins/com.st.stm32cube.ide.mcu.externaltools.gnu-tools-for-stm32.13.3.rel1.win32_1.0.0.202411081344/tools/bin/../lib/gcc/arm-none-eabi/13.3.1/thumb/v8-m.main+fp/hard/crtbegin.o
 *(.init)
 .init          0x08001a08        0x4 C:/ST/STM32CubeIDE_1.19.0/STM32CubeIDE/plugins/com.st.stm32cube.ide.mcu.externaltools.gnu-tools-for-stm32.13.3.rel1.win32_1.0.0.202411081344/tools/bin/../lib/gcc/arm-none-eabi/13.3.1/thumb/v8-m.main+fp/hard/crti.o
                0x08001a08                _init
 .init          0x08001a0c        0x8 C:/ST/STM32CubeIDE_1.19.0/STM32CubeIDE/plugins/com.st.stm32cube.ide.mcu.externaltools.gnu-tools-for-stm32.13.3.rel1.win32_1.0.0.202411081344/tools/bin/../lib/gcc/arm-none-eabi/13.3.1/thumb/v8-m.main+fp/hard/crtn.o
 *(.fini)
 .fini          0x08001a14        0x4 C:/ST/STM32CubeIDE_1.19.0/STM32CubeIDE/plugins/com.st.stm32cube.ide.mcu.externaltools.gnu-tools-for-stm32.13.3.rel1.win32_1.0.0.202411081344/tools/bin/../lib/gcc/arm-none-eabi/13.3.1/thumb/v8-m.main+fp/hard/crti.o
                0x08001a14                _fini
 .fini          0x08001a18        0x8 C:/ST/STM32CubeIDE_1.19.0/STM32CubeIDE/plugins/com.st.stm32cube.ide.mcu.externaltools.gnu-tools-for-stm32.13.3.rel1.win32_1.0.0.202411081344/tools/bin/../lib/gcc/arm-none-eabi/13.3.1/thumb/v8-m.main+fp/hard/crtn.o
                0x08001a20                        . = ALIGN (0x4)
                0x08001a20                        _etext = .

.vfp11_veneer   0x08001a20        0x0
 .vfp11_veneer  0x08001a20        0x0 linker stubs

.v4_bx          0x08001a20        0x0
 .v4_bx         0x08001a20        0x0 linker stubs

.iplt           0x08001a20        0x0
 .iplt          0x08001a20        0x0 C:/ST/STM32CubeIDE_1.19.0/STM32CubeIDE/plugins/com.st.stm32cube.ide.mcu.externaltools.gnu-tools-for-stm32.13.3.rel1.win32_1.0.0.202411081344/tools/bin/../lib/gcc/arm-none-eabi/13.3.1/thumb/v8-m.main+fp/hard/crtbegin.o

.rodata         0x08001a20       0x10
                0x08001a20                        . = ALIGN (0x4)
 *(.rodata)
 *(.rodata*)
 .rodata.AHBPrescTable
                0x08001a20       0x10 ./Drivers/CMSIS/system_stm32h5xx.o
                0x08001a20                AHBPrescTable
                0x08001a30                        . = ALIGN (0x4)

.ARM.extab      0x08001a30        0x0
                0x08001a30                        . = ALIGN (0x4)
 *(.ARM.extab* .gnu.linkonce.armextab.*)
                0x08001a30                        . = ALIGN (0x4)

.ARM            0x08001a30        0x0
                0x08001a30                        . = ALIGN (0x4)
                0x08001a30                        __exidx_start = .
 *(.ARM.exidx*)
                0x08001a30                        __exidx_end = .
                0x08001a30                        . = ALIGN (0x4)

.preinit_array  0x08001a30        0x0
                0x08001a30                        . = ALIGN (0x4)
                0x08001a30                        PROVIDE (__preinit_array_start = .)
 *(.preinit_array*)
                0x08001a30                        PROVIDE (__preinit_array_end = .)
                0x08001a30                        . = ALIGN (0x4)

.init_array     0x08001a30        0x4
                0x08001a30                        . = ALIGN (0x4)
                0x08001a30                        PROVIDE (__init_array_start = .)
 *(SORT_BY_NAME(.init_array.*))
 *(.init_array*)
 .init_array    0x08001a30        0x4 C:/ST/STM32CubeIDE_1.19.0/STM32CubeIDE/plugins/com.st.stm32cube.ide.mcu.externaltools.gnu-tools-for-stm32.13.3.rel1.win32_1.0.0.202411081344/tools/bin/../lib/gcc/arm-none-eabi/13.3.1/thumb/v8-m.main+fp/hard/crtbegin.o
                0x08001a34                        PROVIDE (__init_array_end = .)
                0x08001a34                        . = ALIGN (0x4)

.fini_array     0x08001a34        0x4
                0x08001a34                        . = ALIGN (0x4)
                [!provide]                        PROVIDE (__fini_array_start = .)
 *(SORT_BY_NAME(.fini_array.*))
 *(.fini_array*)
 .fini_array    0x08001a34        0x4 C:/ST/STM32CubeIDE_1.19.0/STM32CubeIDE/plugins/com.st.stm32cube.ide.mcu.externaltools.gnu-tools-for-stm32.13.3.rel1.win32_1.0.0.202411081344/tools/bin/../lib/gcc/arm-none-eabi/13.3.1/thumb/v8-m.main+fp/hard/crtbegin.o
                [!provide]                        PROVIDE (__fini_array_end = .)
                0x08001a38                        . = ALIGN (0x4)
                0x08001a38                        _sidata = LOADADDR (.data)

.rel.dyn        0x08001a38        0x0
 .rel.iplt      0x08001a38        0x0 C:/ST/STM32CubeIDE_1.19.0/STM32CubeIDE/plugins/com.st.stm32cube.ide.mcu.externaltools.gnu-tools-for-stm32.13.3.rel1.win32_1.0.0.202411081344/tools/bin/../lib/gcc/arm-none-eabi/13.3.1/thumb/v8-m.main+fp/hard/crtbegin.o

.data           0x20000000        0xc load address 0x08001a38
                0x20000000                        . = ALIGN (0x4)
                0x20000000                        _sdata = .
 *(.data)
 *(.data*)
 .data.SystemCoreClock
                0x20000000        0x4 ./Drivers/CMSIS/system_stm32h5xx.o
                0x20000000                SystemCoreClock
 .data.uwTickFreq
                0x20000004        0x1 ./Drivers/STM32H5xx_HAL_Driver/stm32h5xx_hal.o
                0x20000004                uwTickFreq
 *fill*         0x20000005        0x3 
 .data.uwTickPrio
                0x20000008        0x4 ./Drivers/STM32H5xx_HAL_Driver/stm32h5xx_hal.o
                0x20000008                uwTickPrio
 *(.RamFunc)
 *(.RamFunc*)
                0x2000000c                        . = ALIGN (0x4)
                0x2000000c                        _edata = .

.igot.plt       0x2000000c        0x0 load address 0x08001a44
 .igot.plt      0x2000000c        0x0 C:/ST/STM32CubeIDE_1.19.0/STM32CubeIDE/plugins/com.st.stm32cube.ide.mcu.externaltools.gnu-tools-for-stm32.13.3.rel1.win32_1.0.0.202411081344/tools/bin/../lib/gcc/arm-none-eabi/13.3.1/thumb/v8-m.main+fp/hard/crtbegin.o
                0x2000000c                        . = ALIGN (0x4)

.bss            0x2000000c       0x24 load address 0x08001a44
                0x2000000c                        _sbss = .
                0x2000000c                        __bss_start__ = _sbss
 *(.bss)
 .bss           0x2000000c       0x1c C:/ST/STM32CubeIDE_1.19.0/STM32CubeIDE/plugins/com.st.stm32cube.ide.mcu.externaltools.gnu-tools-for-stm32.13.3.rel1.win32_1.0.0.202411081344/tools/bin/../lib/gcc/arm-none-eabi/13.3.1/thumb/v8-m.main+fp/hard/crtbegin.o
 *(.bss*)
 .bss.pushbutton
                0x20000028        0x4 ./Application/User/Core/main.o
                0x20000028                pushbutton
 .bss.uwTick    0x2000002c        0x4 ./Drivers/STM32H5xx_HAL_Driver/stm32h5xx_hal.o
                0x2000002c                uwTick
 *(COMMON)
                0x20000030                        . = ALIGN (0x4)
                0x20000030                        _ebss = .
                0x20000030                        __bss_end__ = _ebss

._user_heap_stack
                0x20000030      0x600 load address 0x08001a44
                0x20000030                        . = ALIGN (0x8)
                [!provide]                        PROVIDE (end = .)
                0x20000030                        PROVIDE (_end = .)
                0x20000230                        . = (. + _Min_Heap_Size)
 *fill*         0x20000030      0x200 
                0x20000630                        . = (. + _Min_Stack_Size)
 *fill*         0x20000230      0x400 
                0x20000630                        . = ALIGN (0x8)

/DISCARD/
 libc.a(*)
 libm.a(*)
 libgcc.a(*)

.ARM.attributes
                0x00000000       0x36
 *(.ARM.attributes)
 .ARM.attributes
                0x00000000       0x26 C:/ST/STM32CubeIDE_1.19.0/STM32CubeIDE/plugins/com.st.stm32cube.ide.mcu.externaltools.gnu-tools-for-stm32.13.3.rel1.win32_1.0.0.202411081344/tools/bin/../lib/gcc/arm-none-eabi/13.3.1/thumb/v8-m.main+fp/hard/crti.o
 .ARM.attributes
                0x00000026       0x38 C:/ST/STM32CubeIDE_1.19.0/STM32CubeIDE/plugins/com.st.stm32cube.ide.mcu.externaltools.gnu-tools-for-stm32.13.3.rel1.win32_1.0.0.202411081344/tools/bin/../lib/gcc/arm-none-eabi/13.3.1/thumb/v8-m.main+fp/hard/crtbegin.o
 .ARM.attributes
                0x0000005e       0x3a ./Application/User/Core/main.o
 .ARM.attributes
                0x00000098       0x3a ./Application/User/Core/stm32h5xx_hal_msp.o
 .ARM.attributes
                0x000000d2       0x3a ./Application/User/Core/stm32h5xx_it.o
 .ARM.attributes
                0x0000010c       0x24 ./Application/User/Startup/startup_stm32h533retx.o
 .ARM.attributes
                0x00000130       0x3a ./Drivers/CMSIS/system_stm32h5xx.o
 .ARM.attributes
                0x0000016a       0x3a ./Drivers/STM32H5xx_HAL_Driver/stm32h5xx_hal.o
 .ARM.attributes
                0x000001a4       0x3a ./Drivers/STM32H5xx_HAL_Driver/stm32h5xx_hal_cortex.o
 .ARM.attributes
                0x000001de       0x3a ./Drivers/STM32H5xx_HAL_Driver/stm32h5xx_hal_icache.o
 .ARM.attributes
                0x00000218       0x3a ./Drivers/STM32H5xx_HAL_Driver/stm32h5xx_hal_pwr_ex.o
 .ARM.attributes
                0x00000252       0x3a ./Drivers/STM32H5xx_HAL_Driver/stm32h5xx_hal_rcc.o
 .ARM.attributes
                0x0000028c       0x3a ./Drivers/STM32H5xx_HAL_Driver/stm32h5xx_ll_exti.o
 .ARM.attributes
                0x000002c6       0x3a ./Drivers/STM32H5xx_HAL_Driver/stm32h5xx_ll_gpio.o
 .ARM.attributes
                0x00000300       0x38 C:/ST/STM32CubeIDE_1.19.0/STM32CubeIDE/plugins/com.st.stm32cube.ide.mcu.externaltools.gnu-tools-for-stm32.13.3.rel1.win32_1.0.0.202411081344/tools/bin/../lib/gcc/arm-none-eabi/13.3.1/../../../../arm-none-eabi/lib/thumb/v8-m.main+fp/hard\libc_nano.a(libc_a-memset.o)
 .ARM.attributes
                0x00000338       0x38 C:/ST/STM32CubeIDE_1.19.0/STM32CubeIDE/plugins/com.st.stm32cube.ide.mcu.externaltools.gnu-tools-for-stm32.13.3.rel1.win32_1.0.0.202411081344/tools/bin/../lib/gcc/arm-none-eabi/13.3.1/../../../../arm-none-eabi/lib/thumb/v8-m.main+fp/hard\libc_nano.a(libc_a-init.o)
 .ARM.attributes
                0x00000370       0x26 C:/ST/STM32CubeIDE_1.19.0/STM32CubeIDE/plugins/com.st.stm32cube.ide.mcu.externaltools.gnu-tools-for-stm32.13.3.rel1.win32_1.0.0.202411081344/tools/bin/../lib/gcc/arm-none-eabi/13.3.1/thumb/v8-m.main+fp/hard/crtn.o
OUTPUT(NCP_Loader.elf elf32-littlearm)
LOAD linker stubs
LOAD C:/ST/STM32CubeIDE_1.19.0/STM32CubeIDE/plugins/com.st.stm32cube.ide.mcu.externaltools.gnu-tools-for-stm32.13.3.rel1.win32_1.0.0.202411081344/tools/bin/../lib/gcc/arm-none-eabi/13.3.1/../../../../arm-none-eabi/lib/thumb/v8-m.main+fp/hard\libc.a
LOAD C:/ST/STM32CubeIDE_1.19.0/STM32CubeIDE/plugins/com.st.stm32cube.ide.mcu.externaltools.gnu-tools-for-stm32.13.3.rel1.win32_1.0.0.202411081344/tools/bin/../lib/gcc/arm-none-eabi/13.3.1/../../../../arm-none-eabi/lib/thumb/v8-m.main+fp/hard\libm.a
LOAD C:/ST/STM32CubeIDE_1.19.0/STM32CubeIDE/plugins/com.st.stm32cube.ide.mcu.externaltools.gnu-tools-for-stm32.13.3.rel1.win32_1.0.0.202411081344/tools/bin/../lib/gcc/arm-none-eabi/13.3.1/thumb/v8-m.main+fp/hard\libgcc.a

.debug_info     0x00000000     0xa2a8
 .debug_info    0x00000000     0x26fe ./Application/User/Core/main.o
 .debug_info    0x000026fe      0x111 ./Application/User/Core/stm32h5xx_hal_msp.o
 .debug_info    0x0000280f      0x3c5 ./Application/User/Core/stm32h5xx_it.o
 .debug_info    0x00002bd4       0x30 ./Application/User/Startup/startup_stm32h533retx.o
 .debug_info    0x00002c04      0xdbb ./Drivers/CMSIS/system_stm32h5xx.o
 .debug_info    0x000039bf     0x14b0 ./Drivers/STM32H5xx_HAL_Driver/stm32h5xx_hal.o
 .debug_info    0x00004e6f     0x18ec ./Drivers/STM32H5xx_HAL_Driver/stm32h5xx_hal_cortex.o
 .debug_info    0x0000675b      0x580 ./Drivers/STM32H5xx_HAL_Driver/stm32h5xx_hal_icache.o
 .debug_info    0x00006cdb      0x9da ./Drivers/STM32H5xx_HAL_Driver/stm32h5xx_hal_pwr_ex.o
 .debug_info    0x000076b5     0x13b3 ./Drivers/STM32H5xx_HAL_Driver/stm32h5xx_hal_rcc.o
 .debug_info    0x00008a68      0x8da ./Drivers/STM32H5xx_HAL_Driver/stm32h5xx_ll_exti.o
 .debug_info    0x00009342      0xf66 ./Drivers/STM32H5xx_HAL_Driver/stm32h5xx_ll_gpio.o

.debug_abbrev   0x00000000     0x1a7c
 .debug_abbrev  0x00000000      0x47c ./Application/User/Core/main.o
 .debug_abbrev  0x0000047c       0x9a ./Application/User/Core/stm32h5xx_hal_msp.o
 .debug_abbrev  0x00000516      0x186 ./Application/User/Core/stm32h5xx_it.o
 .debug_abbrev  0x0000069c       0x24 ./Application/User/Startup/startup_stm32h533retx.o
 .debug_abbrev  0x000006c0      0x143 ./Drivers/CMSIS/system_stm32h5xx.o
 .debug_abbrev  0x00000803      0x2b7 ./Drivers/STM32H5xx_HAL_Driver/stm32h5xx_hal.o
 .debug_abbrev  0x00000aba      0x38b ./Drivers/STM32H5xx_HAL_Driver/stm32h5xx_hal_cortex.o
 .debug_abbrev  0x00000e45      0x21e ./Drivers/STM32H5xx_HAL_Driver/stm32h5xx_hal_icache.o
 .debug_abbrev  0x00001063      0x2c1 ./Drivers/STM32H5xx_HAL_Driver/stm32h5xx_hal_pwr_ex.o
 .debug_abbrev  0x00001324      0x267 ./Drivers/STM32H5xx_HAL_Driver/stm32h5xx_hal_rcc.o
 .debug_abbrev  0x0000158b      0x1fe ./Drivers/STM32H5xx_HAL_Driver/stm32h5xx_ll_exti.o
 .debug_abbrev  0x00001789      0x2f3 ./Drivers/STM32H5xx_HAL_Driver/stm32h5xx_ll_gpio.o

.debug_loclists
                0x00000000     0x2254
 .debug_loclists
                0x00000000      0x4ba ./Application/User/Core/main.o
 .debug_loclists
                0x000004ba       0x28 ./Application/User/Core/stm32h5xx_it.o
 .debug_loclists
                0x000004e2       0xc2 ./Drivers/CMSIS/system_stm32h5xx.o
 .debug_loclists
                0x000005a4      0x233 ./Drivers/STM32H5xx_HAL_Driver/stm32h5xx_hal.o
 .debug_loclists
                0x000007d7      0x5ec ./Drivers/STM32H5xx_HAL_Driver/stm32h5xx_hal_cortex.o
 .debug_loclists
                0x00000dc3      0x2fe ./Drivers/STM32H5xx_HAL_Driver/stm32h5xx_hal_icache.o
 .debug_loclists
                0x000010c1      0x1cb ./Drivers/STM32H5xx_HAL_Driver/stm32h5xx_hal_pwr_ex.o
 .debug_loclists
                0x0000128c      0x637 ./Drivers/STM32H5xx_HAL_Driver/stm32h5xx_hal_rcc.o
 .debug_loclists
                0x000018c3      0x306 ./Drivers/STM32H5xx_HAL_Driver/stm32h5xx_ll_exti.o
 .debug_loclists
                0x00001bc9      0x68b ./Drivers/STM32H5xx_HAL_Driver/stm32h5xx_ll_gpio.o

.debug_aranges  0x00000000      0x770
 .debug_aranges
                0x00000000       0x70 ./Application/User/Core/main.o
 .debug_aranges
                0x00000070       0x20 ./Application/User/Core/stm32h5xx_hal_msp.o
 .debug_aranges
                0x00000090       0x68 ./Application/User/Core/stm32h5xx_it.o
 .debug_aranges
                0x000000f8       0x28 ./Application/User/Startup/startup_stm32h533retx.o
 .debug_aranges
                0x00000120       0x28 ./Drivers/CMSIS/system_stm32h5xx.o
 .debug_aranges
                0x00000148      0x200 ./Drivers/STM32H5xx_HAL_Driver/stm32h5xx_hal.o
 .debug_aranges
                0x00000348      0x110 ./Drivers/STM32H5xx_HAL_Driver/stm32h5xx_hal_cortex.o
 .debug_aranges
                0x00000458       0xa8 ./Drivers/STM32H5xx_HAL_Driver/stm32h5xx_hal_icache.o
 .debug_aranges
                0x00000500      0x148 ./Drivers/STM32H5xx_HAL_Driver/stm32h5xx_hal_pwr_ex.o
 .debug_aranges
                0x00000648       0xa0 ./Drivers/STM32H5xx_HAL_Driver/stm32h5xx_hal_rcc.o
 .debug_aranges
                0x000006e8       0x30 ./Drivers/STM32H5xx_HAL_Driver/stm32h5xx_ll_exti.o
 .debug_aranges
                0x00000718       0x58 ./Drivers/STM32H5xx_HAL_Driver/stm32h5xx_ll_gpio.o

.debug_rnglists
                0x00000000      0x725
 .debug_rnglists
                0x00000000       0x82 ./Application/User/Core/main.o
 .debug_rnglists
                0x00000082       0x13 ./Application/User/Core/stm32h5xx_hal_msp.o
 .debug_rnglists
                0x00000095       0x49 ./Application/User/Core/stm32h5xx_it.o
 .debug_rnglists
                0x000000de       0x19 ./Application/User/Startup/startup_stm32h533retx.o
 .debug_rnglists
                0x000000f7       0x1b ./Drivers/CMSIS/system_stm32h5xx.o
 .debug_rnglists
                0x00000112      0x17c ./Drivers/STM32H5xx_HAL_Driver/stm32h5xx_hal.o
 .debug_rnglists
                0x0000028e       0xc7 ./Drivers/STM32H5xx_HAL_Driver/stm32h5xx_hal_cortex.o
 .debug_rnglists
                0x00000355       0x79 ./Drivers/STM32H5xx_HAL_Driver/stm32h5xx_hal_icache.o
 .debug_rnglists
                0x000003ce      0x123 ./Drivers/STM32H5xx_HAL_Driver/stm32h5xx_hal_pwr_ex.o
 .debug_rnglists
                0x000004f1       0x79 ./Drivers/STM32H5xx_HAL_Driver/stm32h5xx_hal_rcc.o
 .debug_rnglists
                0x0000056a       0x98 ./Drivers/STM32H5xx_HAL_Driver/stm32h5xx_ll_exti.o
 .debug_rnglists
                0x00000602      0x123 ./Drivers/STM32H5xx_HAL_Driver/stm32h5xx_ll_gpio.o

.debug_macro    0x00000000    0x323d7
 .debug_macro   0x00000000      0x2af ./Application/User/Core/main.o
 .debug_macro   0x000002af      0xaea ./Application/User/Core/main.o
 .debug_macro   0x00000d99      0x1e0 ./Application/User/Core/main.o
 .debug_macro   0x00000f79       0x22 ./Application/User/Core/main.o
 .debug_macro   0x00000f9b       0x5b ./Application/User/Core/main.o
 .debug_macro   0x00000ff6       0x2a ./Application/User/Core/main.o
 .debug_macro   0x00001020       0x94 ./Application/User/Core/main.o
 .debug_macro   0x000010b4       0x43 ./Application/User/Core/main.o
 .debug_macro   0x000010f7       0x34 ./Application/User/Core/main.o
 .debug_macro   0x0000112b      0x190 ./Application/User/Core/main.o
 .debug_macro   0x000012bb       0x57 ./Application/User/Core/main.o
 .debug_macro   0x00001312      0x370 ./Application/User/Core/main.o
 .debug_macro   0x00001682       0x16 ./Application/User/Core/main.o
 .debug_macro   0x00001698       0x4a ./Application/User/Core/main.o
 .debug_macro   0x000016e2       0x34 ./Application/User/Core/main.o
 .debug_macro   0x00001716       0x10 ./Application/User/Core/main.o
 .debug_macro   0x00001726       0x58 ./Application/User/Core/main.o
 .debug_macro   0x0000177e       0x8e ./Application/User/Core/main.o
 .debug_macro   0x0000180c       0x1c ./Application/User/Core/main.o
 .debug_macro   0x00001828      0x185 ./Application/User/Core/main.o
 .debug_macro   0x000019ad      0x19b ./Application/User/Core/main.o
 .debug_macro   0x00001b48       0x28 ./Application/User/Core/main.o
 .debug_macro   0x00001b70       0x49 ./Application/User/Core/main.o
 .debug_macro   0x00001bb9      0x103 ./Application/User/Core/main.o
 .debug_macro   0x00001cbc       0x6a ./Application/User/Core/main.o
 .debug_macro   0x00001d26      0x1df ./Application/User/Core/main.o
 .debug_macro   0x00001f05       0x1c ./Application/User/Core/main.o
 .debug_macro   0x00001f21       0x29 ./Application/User/Core/main.o
 .debug_macro   0x00001f4a       0xfb ./Application/User/Core/main.o
 .debug_macro   0x00002045     0x1685 ./Application/User/Core/main.o
 .debug_macro   0x000036ca       0x5e ./Application/User/Core/main.o
 .debug_macro   0x00003728    0x2124a ./Application/User/Core/main.o
 .debug_macro   0x00024972       0x6d ./Application/User/Core/main.o
 .debug_macro   0x000249df     0x388a ./Application/User/Core/main.o
 .debug_macro   0x00028269       0x63 ./Application/User/Core/main.o
 .debug_macro   0x000282cc     0x1f0d ./Application/User/Core/main.o
 .debug_macro   0x0002a1d9      0xe96 ./Application/User/Core/main.o
 .debug_macro   0x0002b06f      0x166 ./Application/User/Core/main.o
 .debug_macro   0x0002b1d5      0x300 ./Application/User/Core/main.o
 .debug_macro   0x0002b4d5       0xca ./Application/User/Core/main.o
 .debug_macro   0x0002b59f      0x917 ./Application/User/Core/main.o
 .debug_macro   0x0002beb6      0x478 ./Application/User/Core/main.o
 .debug_macro   0x0002c32e       0xd6 ./Application/User/Core/main.o
 .debug_macro   0x0002c404      0x1cd ./Application/User/Core/main.o
 .debug_macro   0x0002c5d1      0x55b ./Application/User/Core/main.o
 .debug_macro   0x0002cb2c      0x638 ./Application/User/Core/main.o
 .debug_macro   0x0002d164       0x7b ./Application/User/Core/main.o
 .debug_macro   0x0002d1df      0x313 ./Application/User/Core/main.o
 .debug_macro   0x0002d4f2      0x1bb ./Application/User/Core/main.o
 .debug_macro   0x0002d6ad      0x2a7 ./Application/User/Core/main.o
 .debug_macro   0x0002d954      0x4ee ./Application/User/Core/main.o
 .debug_macro   0x0002de42      0x279 ./Application/User/Core/main.o
 .debug_macro   0x0002e0bb      0x167 ./Application/User/Core/main.o
 .debug_macro   0x0002e222      0x292 ./Application/User/Core/main.o
 .debug_macro   0x0002e4b4      0x2da ./Application/User/Core/main.o
 .debug_macro   0x0002e78e      0x165 ./Application/User/Core/main.o
 .debug_macro   0x0002e8f3      0xdbc ./Application/User/Core/main.o
 .debug_macro   0x0002f6af       0xbc ./Application/User/Core/main.o
 .debug_macro   0x0002f76b      0x296 ./Application/User/Core/main.o
 .debug_macro   0x0002fa01      0xc49 ./Application/User/Core/main.o
 .debug_macro   0x0003064a       0x76 ./Application/User/Core/main.o
 .debug_macro   0x000306c0      0x2af ./Application/User/Core/stm32h5xx_hal_msp.o
 .debug_macro   0x0003096f      0x2b9 ./Application/User/Core/stm32h5xx_it.o
 .debug_macro   0x00030c28      0x256 ./Drivers/CMSIS/system_stm32h5xx.o
 .debug_macro   0x00030e7e      0x285 ./Drivers/STM32H5xx_HAL_Driver/stm32h5xx_hal.o
 .debug_macro   0x00031103      0x24f ./Drivers/STM32H5xx_HAL_Driver/stm32h5xx_hal_cortex.o
 .debug_macro   0x00031352      0x281 ./Drivers/STM32H5xx_HAL_Driver/stm32h5xx_hal_icache.o
 .debug_macro   0x000315d3      0x279 ./Drivers/STM32H5xx_HAL_Driver/stm32h5xx_hal_pwr_ex.o
 .debug_macro   0x0003184c      0x291 ./Drivers/STM32H5xx_HAL_Driver/stm32h5xx_hal_rcc.o
 .debug_macro   0x00031add      0x27c ./Drivers/STM32H5xx_HAL_Driver/stm32h5xx_ll_exti.o
 .debug_macro   0x00031d59      0x28c ./Drivers/STM32H5xx_HAL_Driver/stm32h5xx_ll_exti.o
 .debug_macro   0x00031fe5      0x291 ./Drivers/STM32H5xx_HAL_Driver/stm32h5xx_ll_gpio.o
 .debug_macro   0x00032276      0x161 ./Drivers/STM32H5xx_HAL_Driver/stm32h5xx_ll_gpio.o

.debug_line     0x00000000     0xa2a9
 .debug_line    0x00000000     0x1164 ./Application/User/Core/main.o
 .debug_line    0x00001164      0x9a0 ./Application/User/Core/stm32h5xx_hal_msp.o
 .debug_line    0x00001b04      0xaaf ./Application/User/Core/stm32h5xx_it.o
 .debug_line    0x000025b3       0x7b ./Application/User/Startup/startup_stm32h533retx.o
 .debug_line    0x0000262e      0xaeb ./Drivers/CMSIS/system_stm32h5xx.o
 .debug_line    0x00003119     0x10a6 ./Drivers/STM32H5xx_HAL_Driver/stm32h5xx_hal.o
 .debug_line    0x000041bf      0xfd6 ./Drivers/STM32H5xx_HAL_Driver/stm32h5xx_hal_cortex.o
 .debug_line    0x00005195      0xc4d ./Drivers/STM32H5xx_HAL_Driver/stm32h5xx_hal_icache.o
 .debug_line    0x00005de2      0xea2 ./Drivers/STM32H5xx_HAL_Driver/stm32h5xx_hal_pwr_ex.o
 .debug_line    0x00006c84     0x1927 ./Drivers/STM32H5xx_HAL_Driver/stm32h5xx_hal_rcc.o
 .debug_line    0x000085ab      0xcef ./Drivers/STM32H5xx_HAL_Driver/stm32h5xx_ll_exti.o
 .debug_line    0x0000929a     0x100f ./Drivers/STM32H5xx_HAL_Driver/stm32h5xx_ll_gpio.o

.debug_str      0x00000000   0x13c1a1
 .debug_str     0x00000000   0x13c1a1 ./Application/User/Core/main.o
                             0x13d109 (size before relaxing)
 .debug_str     0x0013c1a1   0x13bceb ./Application/User/Core/stm32h5xx_hal_msp.o
 .debug_str     0x0013c1a1   0x13be7b ./Application/User/Core/stm32h5xx_it.o
 .debug_str     0x0013c1a1       0xb9 ./Application/User/Startup/startup_stm32h533retx.o
 .debug_str     0x0013c1a1   0x127eb4 ./Drivers/CMSIS/system_stm32h5xx.o
 .debug_str     0x0013c1a1   0x128cd0 ./Drivers/STM32H5xx_HAL_Driver/stm32h5xx_hal.o
 .debug_str     0x0013c1a1   0x12885f ./Drivers/STM32H5xx_HAL_Driver/stm32h5xx_hal_cortex.o
 .debug_str     0x0013c1a1   0x127f12 ./Drivers/STM32H5xx_HAL_Driver/stm32h5xx_hal_icache.o
 .debug_str     0x0013c1a1   0x127fce ./Drivers/STM32H5xx_HAL_Driver/stm32h5xx_hal_pwr_ex.o
 .debug_str     0x0013c1a1   0x1283c9 ./Drivers/STM32H5xx_HAL_Driver/stm32h5xx_hal_rcc.o
 .debug_str     0x0013c1a1   0x128c75 ./Drivers/STM32H5xx_HAL_Driver/stm32h5xx_ll_exti.o
 .debug_str     0x0013c1a1   0x129c0b ./Drivers/STM32H5xx_HAL_Driver/stm32h5xx_ll_gpio.o

.comment        0x00000000       0x43
 .comment       0x00000000       0x43 ./Application/User/Core/main.o
                                 0x44 (size before relaxing)
 .comment       0x00000043       0x44 ./Application/User/Core/stm32h5xx_hal_msp.o
 .comment       0x00000043       0x44 ./Application/User/Core/stm32h5xx_it.o
 .comment       0x00000043       0x44 ./Drivers/CMSIS/system_stm32h5xx.o
 .comment       0x00000043       0x44 ./Drivers/STM32H5xx_HAL_Driver/stm32h5xx_hal.o
 .comment       0x00000043       0x44 ./Drivers/STM32H5xx_HAL_Driver/stm32h5xx_hal_cortex.o
 .comment       0x00000043       0x44 ./Drivers/STM32H5xx_HAL_Driver/stm32h5xx_hal_icache.o
 .comment       0x00000043       0x44 ./Drivers/STM32H5xx_HAL_Driver/stm32h5xx_hal_pwr_ex.o
 .comment       0x00000043       0x44 ./Drivers/STM32H5xx_HAL_Driver/stm32h5xx_hal_rcc.o
 .comment       0x00000043       0x44 ./Drivers/STM32H5xx_HAL_Driver/stm32h5xx_ll_exti.o
 .comment       0x00000043       0x44 ./Drivers/STM32H5xx_HAL_Driver/stm32h5xx_ll_gpio.o

.debug_frame    0x00000000      0xfec
 .debug_frame   0x00000000      0x128 ./Application/User/Core/main.o
 .debug_frame   0x00000128       0x28 ./Application/User/Core/stm32h5xx_hal_msp.o
 .debug_frame   0x00000150       0xb8 ./Application/User/Core/stm32h5xx_it.o
 .debug_frame   0x00000208       0x3c ./Drivers/CMSIS/system_stm32h5xx.o
 .debug_frame   0x00000244      0x418 ./Drivers/STM32H5xx_HAL_Driver/stm32h5xx_hal.o
 .debug_frame   0x0000065c      0x254 ./Drivers/STM32H5xx_HAL_Driver/stm32h5xx_hal_cortex.o
 .debug_frame   0x000008b0      0x168 ./Drivers/STM32H5xx_HAL_Driver/stm32h5xx_hal_icache.o
 .debug_frame   0x00000a18      0x28c ./Drivers/STM32H5xx_HAL_Driver/stm32h5xx_hal_pwr_ex.o
 .debug_frame   0x00000ca4      0x1d0 ./Drivers/STM32H5xx_HAL_Driver/stm32h5xx_hal_rcc.o
 .debug_frame   0x00000e74       0x50 ./Drivers/STM32H5xx_HAL_Driver/stm32h5xx_ll_exti.o
 .debug_frame   0x00000ec4       0xdc ./Drivers/STM32H5xx_HAL_Driver/stm32h5xx_ll_gpio.o
 .debug_frame   0x00000fa0       0x20 C:/ST/STM32CubeIDE_1.19.0/STM32CubeIDE/plugins/com.st.stm32cube.ide.mcu.externaltools.gnu-tools-for-stm32.13.3.rel1.win32_1.0.0.202411081344/tools/bin/../lib/gcc/arm-none-eabi/13.3.1/../../../../arm-none-eabi/lib/thumb/v8-m.main+fp/hard\libc_nano.a(libc_a-memset.o)
 .debug_frame   0x00000fc0       0x2c C:/ST/STM32CubeIDE_1.19.0/STM32CubeIDE/plugins/com.st.stm32cube.ide.mcu.externaltools.gnu-tools-for-stm32.13.3.rel1.win32_1.0.0.202411081344/tools/bin/../lib/gcc/arm-none-eabi/13.3.1/../../../../arm-none-eabi/lib/thumb/v8-m.main+fp/hard\libc_nano.a(libc_a-init.o)

.debug_line_str
                0x00000000       0x9d
 .debug_line_str
                0x00000000       0x9d ./Application/User/Startup/startup_stm32h533retx.o
