Archive member included to satisfy reference by file (symbol)

/Applications/STM32CubeIDE.app/Contents/Eclipse/plugins/com.st.stm32cube.ide.mcu.externaltools.gnu-tools-for-stm32.13.3.rel1.macos64_1.0.0.202411102158/tools/bin/../lib/gcc/arm-none-eabi/13.3.1/../../../../arm-none-eabi/lib/thumb/v8-m.main+fp/hard/libc_nano.a(libc_a-exit.o)
                              /Applications/STM32CubeIDE.app/Contents/Eclipse/plugins/com.st.stm32cube.ide.mcu.externaltools.gnu-tools-for-stm32.13.3.rel1.macos64_1.0.0.202411102158/tools/bin/../lib/gcc/arm-none-eabi/13.3.1/../../../../arm-none-eabi/lib/thumb/v8-m.main+fp/hard/crt0.o (exit)
/Applications/STM32CubeIDE.app/Contents/Eclipse/plugins/com.st.stm32cube.ide.mcu.externaltools.gnu-tools-for-stm32.13.3.rel1.macos64_1.0.0.202411102158/tools/bin/../lib/gcc/arm-none-eabi/13.3.1/../../../../arm-none-eabi/lib/thumb/v8-m.main+fp/hard/libc_nano.a(libc_a-findfp.o)
                              /Applications/STM32CubeIDE.app/Contents/Eclipse/plugins/com.st.stm32cube.ide.mcu.externaltools.gnu-tools-for-stm32.13.3.rel1.macos64_1.0.0.202411102158/tools/bin/../lib/gcc/arm-none-eabi/13.3.1/../../../../arm-none-eabi/lib/thumb/v8-m.main+fp/hard/libc_nano.a(libc_a-exit.o) (__stdio_exit_handler)
/Applications/STM32CubeIDE.app/Contents/Eclipse/plugins/com.st.stm32cube.ide.mcu.externaltools.gnu-tools-for-stm32.13.3.rel1.macos64_1.0.0.202411102158/tools/bin/../lib/gcc/arm-none-eabi/13.3.1/../../../../arm-none-eabi/lib/thumb/v8-m.main+fp/hard/libc_nano.a(libc_a-fwalk.o)
                              /Applications/STM32CubeIDE.app/Contents/Eclipse/plugins/com.st.stm32cube.ide.mcu.externaltools.gnu-tools-for-stm32.13.3.rel1.macos64_1.0.0.202411102158/tools/bin/../lib/gcc/arm-none-eabi/13.3.1/../../../../arm-none-eabi/lib/thumb/v8-m.main+fp/hard/libc_nano.a(libc_a-findfp.o) (_fwalk_sglue)
/Applications/STM32CubeIDE.app/Contents/Eclipse/plugins/com.st.stm32cube.ide.mcu.externaltools.gnu-tools-for-stm32.13.3.rel1.macos64_1.0.0.202411102158/tools/bin/../lib/gcc/arm-none-eabi/13.3.1/../../../../arm-none-eabi/lib/thumb/v8-m.main+fp/hard/libc_nano.a(libc_a-memset.o)
                              /Applications/STM32CubeIDE.app/Contents/Eclipse/plugins/com.st.stm32cube.ide.mcu.externaltools.gnu-tools-for-stm32.13.3.rel1.macos64_1.0.0.202411102158/tools/bin/../lib/gcc/arm-none-eabi/13.3.1/../../../../arm-none-eabi/lib/thumb/v8-m.main+fp/hard/crt0.o (memset)
/Applications/STM32CubeIDE.app/Contents/Eclipse/plugins/com.st.stm32cube.ide.mcu.externaltools.gnu-tools-for-stm32.13.3.rel1.macos64_1.0.0.202411102158/tools/bin/../lib/gcc/arm-none-eabi/13.3.1/../../../../arm-none-eabi/lib/thumb/v8-m.main+fp/hard/libc_nano.a(libc_a-errno.o)
                              ./Application/User/Core/syscalls.o (__errno)
/Applications/STM32CubeIDE.app/Contents/Eclipse/plugins/com.st.stm32cube.ide.mcu.externaltools.gnu-tools-for-stm32.13.3.rel1.macos64_1.0.0.202411102158/tools/bin/../lib/gcc/arm-none-eabi/13.3.1/../../../../arm-none-eabi/lib/thumb/v8-m.main+fp/hard/libc_nano.a(libc_a-init.o)
                              /Applications/STM32CubeIDE.app/Contents/Eclipse/plugins/com.st.stm32cube.ide.mcu.externaltools.gnu-tools-for-stm32.13.3.rel1.macos64_1.0.0.202411102158/tools/bin/../lib/gcc/arm-none-eabi/13.3.1/../../../../arm-none-eabi/lib/thumb/v8-m.main+fp/hard/crt0.o (__libc_init_array)
/Applications/STM32CubeIDE.app/Contents/Eclipse/plugins/com.st.stm32cube.ide.mcu.externaltools.gnu-tools-for-stm32.13.3.rel1.macos64_1.0.0.202411102158/tools/bin/../lib/gcc/arm-none-eabi/13.3.1/../../../../arm-none-eabi/lib/thumb/v8-m.main+fp/hard/libc_nano.a(libc_a-lock.o)
                              /Applications/STM32CubeIDE.app/Contents/Eclipse/plugins/com.st.stm32cube.ide.mcu.externaltools.gnu-tools-for-stm32.13.3.rel1.macos64_1.0.0.202411102158/tools/bin/../lib/gcc/arm-none-eabi/13.3.1/../../../../arm-none-eabi/lib/thumb/v8-m.main+fp/hard/libc_nano.a(libc_a-findfp.o) (__retarget_lock_init_recursive)
/Applications/STM32CubeIDE.app/Contents/Eclipse/plugins/com.st.stm32cube.ide.mcu.externaltools.gnu-tools-for-stm32.13.3.rel1.macos64_1.0.0.202411102158/tools/bin/../lib/gcc/arm-none-eabi/13.3.1/../../../../arm-none-eabi/lib/thumb/v8-m.main+fp/hard/libc_nano.a(libc_a-impure.o)
                              /Applications/STM32CubeIDE.app/Contents/Eclipse/plugins/com.st.stm32cube.ide.mcu.externaltools.gnu-tools-for-stm32.13.3.rel1.macos64_1.0.0.202411102158/tools/bin/../lib/gcc/arm-none-eabi/13.3.1/../../../../arm-none-eabi/lib/thumb/v8-m.main+fp/hard/libc_nano.a(libc_a-errno.o) (_impure_ptr)
/Applications/STM32CubeIDE.app/Contents/Eclipse/plugins/com.st.stm32cube.ide.mcu.externaltools.gnu-tools-for-stm32.13.3.rel1.macos64_1.0.0.202411102158/tools/bin/../lib/gcc/arm-none-eabi/13.3.1/../../../../arm-none-eabi/lib/thumb/v8-m.main+fp/hard/libc_nano.a(libc_a-mallocr.o)
[...]
Memory Configuration

Name             Origin             Length             Attributes
RAM              0x20000000         0x000a0000         xrw
FLASH            0x08000000         0x00200000         xr
*default*        0x00000000         0xffffffff

Linker script and memory map

LOAD /Applications/STM32CubeIDE.app/Contents/Eclipse/plugins/com.st.stm32cube.ide.mcu.externaltools.gnu-tools-for-stm32.13.3.rel1.macos64_1.0.0.202411102158/tools/bin/../lib/gcc/arm-none-eabi/13.3.1/thumb/v8-m.main+fp/hard/crti.o
LOAD /Applications/STM32CubeIDE.app/Contents/Eclipse/plugins/com.st.stm32cube.ide.mcu.externaltools.gnu-tools-for-stm32.13.3.rel1.macos64_1.0.0.202411102158/tools/bin/../lib/gcc/arm-none-eabi/13.3.1/thumb/v8-m.main+fp/hard/crtbegin.o
LOAD /Applications/STM32CubeIDE.app/Contents/Eclipse/plugins/com.st.stm32cube.ide.mcu.externaltools.gnu-tools-for-stm32.13.3.rel1.macos64_1.0.0.202411102158/tools/bin/../lib/gcc/arm-none-eabi/13.3.1/../../../../arm-none-eabi/lib/thumb/v8-m.main+fp/hard/crt0.o
LOAD ./Application/User/Core/main.o
LOAD ./Application/User/Core/stm32h5xx_hal_msp.o
LOAD ./Application/User/Core/stm32h5xx_it.o
LOAD ./Application/User/Core/syscalls.o
LOAD ./Application/User/Core/sysmem.o
LOAD ./Application/User/Startup/startup_stm32h563zitx.o
LOAD ./Drivers/CMSIS/system_stm32h5xx.o
LOAD ./Drivers/STM32H5xx_HAL_Driver/stm32h5xx_hal.o
LOAD ./Drivers/STM32H5xx_HAL_Driver/stm32h5xx_hal_cortex.o
LOAD ./Drivers/STM32H5xx_HAL_Driver/stm32h5xx_hal_dma.o
LOAD ./Drivers/STM32H5xx_HAL_Driver/stm32h5xx_hal_exti.o
LOAD ./Drivers/STM32H5xx_HAL_Driver/stm32h5xx_hal_flash.o
LOAD ./Drivers/STM32H5xx_HAL_Driver/stm32h5xx_hal_flash_ex.o
LOAD ./Drivers/STM32H5xx_HAL_Driver/stm32h5xx_hal_gpio.o
LOAD ./Drivers/STM32H5xx_HAL_Driver/stm32h5xx_hal_icache.o
LOAD ./Drivers/STM32H5xx_HAL_Driver/stm32h5xx_hal_pwr.o
LOAD ./Drivers/STM32H5xx_HAL_Driver/stm32h5xx_hal_pwr_ex.o
LOAD ./Drivers/STM32H5xx_HAL_Driver/stm32h5xx_hal_rcc.o
LOAD ./Drivers/STM32H5xx_HAL_Driver/stm32h5xx_hal_rcc_ex.o
LOAD ./Drivers/STM32H5xx_HAL_Driver/stm32h5xx_ll_exti.o
LOAD ./Drivers/STM32H5xx_HAL_Driver/stm32h5xx_ll_gpio.o
LOAD ./Drivers/STM32H5xx_HAL_Driver/stm32h5xx_ll_rcc.o
LOAD ./Drivers/STM32H5xx_HAL_Driver/stm32h5xx_ll_utils.o
START GROUP
LOAD /Applications/STM32CubeIDE.app/Contents/Eclipse/plugins/com.st.stm32cube.ide.mcu.externaltools.gnu-tools-for-stm32.13.3.rel1.macos64_1.0.0.202411102158/tools/bin/../lib/gcc/arm-none-eabi/13.3.1/../../../../arm-none-eabi/lib/thumb/v8-m.main+fp/hard/libc_nano.a
LOAD /Applications/STM32CubeIDE.app/Contents/Eclipse/plugins/com.st.stm32cube.ide.mcu.externaltools.gnu-tools-for-stm32.13.3.rel1.macos64_1.0.0.202411102158/tools/bin/../lib/gcc/arm-none-eabi/13.3.1/../../../../arm-none-eabi/lib/thumb/v8-m.main+fp/hard/libm.a
END GROUP
START GROUP
LOAD /Applications/STM32CubeIDE.app/Contents/Eclipse/plugins/com.st.stm32cube.ide.mcu.externaltools.gnu-tools-for-stm32.13.3.rel1.macos64_1.0.0.202411102158/tools/bin/../lib/gcc/arm-none-eabi/13.3.1/thumb/v8-m.main+fp/hard/libgcc.a
LOAD /Applications/STM32CubeIDE.app/Contents/Eclipse/plugins/com.st.stm32cube.ide.mcu.externaltools.gnu-tools-for-stm32.13.3.rel1.macos64_1.0.0.202411102158/tools/bin/../lib/gcc/arm-none-eabi/13.3.1/../../../../arm-none-eabi/lib/thumb/v8-m.main+fp/hard/libc_nano.a
END GROUP
START GROUP
LOAD /Applications/STM32CubeIDE.app/Contents/Eclipse/plugins/com.st.stm32cube.ide.mcu.externaltools.gnu-tools-for-stm32.13.3.rel1.macos64_1.0.0.202411102158/tools/bin/../lib/gcc/arm-none-eabi/13.3.1/thumb/v8-m.main+fp/hard/libgcc.a
LOAD /Applications/STM32CubeIDE.app/Contents/Eclipse/plugins/com.st.stm32cube.ide.mcu.externaltools.gnu-tools-for-stm32.13.3.rel1.macos64_1.0.0.202411102158/tools/bin/../lib/gcc/arm-none-eabi/13.3.1/../../../../arm-none-eabi/lib/thumb/v8-m.main+fp/hard/libc_nano.a
LOAD /Applications/STM32CubeIDE.app/Contents/Eclipse/plugins/com.st.stm32cube.ide.mcu.externaltools.gnu-tools-for-stm32.13.3.rel1.macos64_1.0.0.202411102158/tools/bin/../lib/gcc/arm-none-eabi/13.3.1/../../../../arm-none-eabi/lib/thumb/v8-m.main+fp/hard/libnosys.a
END GROUP
START GROUP
LOAD /Applications/STM32CubeIDE.app/Contents/Eclipse/plugins/com.st.stm32cube.ide.mcu.externaltools.gnu-tools-for-stm32.13.3.rel1.macos64_1.0.0.202411102158/tools/bin/../lib/gcc/arm-none-eabi/13.3.1/thumb/v8-m.main+fp/hard/libgcc.a
LOAD /Applications/STM32CubeIDE.app/Contents/Eclipse/plugins/com.st.stm32cube.ide.mcu.externaltools.gnu-tools-for-stm32.13.3.rel1.macos64_1.0.0.202411102158/tools/bin/../lib/gcc/arm-none-eabi/13.3.1/../../../../arm-none-eabi/lib/thumb/v8-m.main+fp/hard/libc_nano.a
LOAD /Applications/STM32CubeIDE.app/Contents/Eclipse/plugins/com.st.stm32cube.ide.mcu.externaltools.gnu-tools-for-stm32.13.3.rel1.macos64_1.0.0.202411102158/tools/bin/../lib/gcc/arm-none-eabi/13.3.1/../../../../arm-none-eabi/lib/thumb/v8-m.main+fp/hard/libnosys.a
END GROUP
LOAD /Applications/STM32CubeIDE.app/Contents/Eclipse/plugins/com.st.stm32cube.ide.mcu.externaltools.gnu-tools-for-stm32.13.3.rel1.macos64_1.0.0.202411102158/tools/bin/../lib/gcc/arm-none-eabi/13.3.1/thumb/v8-m.main+fp/hard/crtend.o
LOAD /Applications/STM32CubeIDE.app/Contents/Eclipse/plugins/com.st.stm32cube.ide.mcu.externaltools.gnu-tools-for-stm32.13.3.rel1.macos64_1.0.0.202411102158/tools/bin/../lib/gcc/arm-none-eabi/13.3.1/thumb/v8-m.main+fp/hard/crtn.o
                0x200a0000                        _estack = (ORIGIN (RAM) + LENGTH (RAM))
                0x00000200                        _Min_Heap_Size = 0x200
                0x00000400                        _Min_Stack_Size = 0x400

.isr_vector     0x08000000      0x24c
                0x08000000                        . = ALIGN (0x4)
 *(.isr_vector)
 .isr_vector    0x08000000      0x24c ./Application/User/Startup/startup_stm32h563zitx.o
                0x08000000                g_pfnVectors
                0x0800024c                        . = ALIGN (0x4)

.text           0x0800024c     0x161c
                0x0800024c                        . = ALIGN (0x4)
 *(.text)
 .text          0x0800024c       0x40 /Applications/STM32CubeIDE.app/Contents/Eclipse/plugins/com.st.stm32cube.ide.mcu.externaltools.gnu-tools-for-stm32.13.3.rel1.macos64_1.0.0.202411102158/tools/bin/../lib/gcc/arm-none-eabi/13.3.1/thumb/v8-m.main+fp/hard/crtbegin.o
 *(.text*)
 .text.uart_bypass
                0x0800028c       0xd0 ./Application/User/Core/main.o
 .text.SystemClock_Config
                0x0800035c       0xb0 ./Application/User/Core/main.o
                0x0800035c                SystemClock_Config
 .text.startup.main
                0x0800040c      0x224 ./Application/User/Core/main.o
                0x0800040c                main
 .text.HAL_MspInit
                0x08000630        0x4 ./Application/User/Core/stm32h5xx_hal_msp.o
                0x08000630                HAL_MspInit
 .text.NMI_Handler
                0x08000634        0x4 ./Application/User/Core/stm32h5xx_it.o
                0x08000634                NMI_Handler
 .text.HardFault_Handler
                0x08000638        0x4 ./Application/User/Core/stm32h5xx_it.o
                0x08000638                HardFault_Handler
 .text.MemManage_Handler
                0x0800063c        0x4 ./Application/User/Core/stm32h5xx_it.o
                0x0800063c                MemManage_Handler
 .text.BusFault_Handler
                0x08000640        0x4 ./Application/User/Core/stm32h5xx_it.o
                0x08000640                BusFault_Handler
 .text.UsageFault_Handler
                0x08000644        0x4 ./Application/User/Core/stm32h5xx_it.o
                0x08000644                UsageFault_Handler
 .text.SVC_Handler
                0x08000648        0x4 ./Application/User/Core/stm32h5xx_it.o
                0x08000648                SVC_Handler
 .text.DebugMon_Handler
                0x0800064c        0x4 ./Application/User/Core/stm32h5xx_it.o
                0x0800064c                DebugMon_Handler
 .text.PendSV_Handler
                0x08000650        0x4 ./Application/User/Core/stm32h5xx_it.o
                0x08000650                PendSV_Handler
 .text.SysTick_Handler
                0x08000654        0x4 ./Application/User/Core/stm32h5xx_it.o
                0x08000654                SysTick_Handler
 .text.EXTI13_IRQHandler
                0x08000658       0x14 ./Application/User/Core/stm32h5xx_it.o
                0x08000658                EXTI13_IRQHandler
 .text.Reset_Handler
                0x0800066c       0x50 ./Application/User/Startup/startup_stm32h563zitx.o
                0x0800066c                Reset_Handler
 .text.Default_Handler
                0x080006bc        0x2 ./Application/User/Startup/startup_stm32h563zitx.o
                0x080006bc                HASH_IRQHandler
                0x080006bc                TIM8_TRG_COM_IRQHandler
                0x080006bc                TIM8_CC_IRQHandler
                0x080006bc                EXTI5_IRQHandler
                0x080006bc                I3C1_ER_IRQHandler
                0x080006bc                UART8_IRQHandler
                0x080006bc                SPI4_IRQHandler
                0x080006bc                GPDMA2_Channel1_IRQHandler
                0x080006bc                FLASH_S_IRQHandler
                0x080006bc                TIM1_CC_IRQHandler
                0x080006bc                GPDMA2_Channel3_IRQHandler
                0x080006bc                TAMP_IRQHandler
                0x080006bc                TIM6_IRQHandler
                0x080006bc                EXTI12_IRQHandler
                0x080006bc                CORDIC_IRQHandler
                0x080006bc                USB_DRD_FS_IRQHandler
                0x080006bc                EXTI3_IRQHandler
                0x080006bc                LPTIM4_IRQHandler
                0x080006bc                GPDMA1_Channel5_IRQHandler
                0x080006bc                EXTI8_IRQHandler
                0x080006bc                GPDMA2_Channel5_IRQHandler
                0x080006bc                LPTIM2_IRQHandler
                0x080006bc                I2C3_ER_IRQHandler
                0x080006bc                GPDMA2_Channel2_IRQHandler
                0x080006bc                USART10_IRQHandler
                0x080006bc                LPTIM3_IRQHandler
                0x080006bc                EXTI0_IRQHandler
                0x080006bc                I2C2_EV_IRQHandler
                0x080006bc                FPU_IRQHandler
                0x080006bc                GPDMA1_Channel3_IRQHandler
                0x080006bc                GPDMA1_Channel7_IRQHandler
                0x080006bc                FDCAN1_IT1_IRQHandler
                0x080006bc                RAMCFG_IRQHandler
                0x080006bc                DCACHE1_IRQHandler
                0x080006bc                SPI1_IRQHandler
                0x080006bc                OCTOSPI1_IRQHandler
                0x080006bc                GPDMA1_Channel2_IRQHandler
                0x080006bc                TIM8_UP_IRQHandler
                0x080006bc                RCC_S_IRQHandler
                0x080006bc                SAI2_IRQHandler
                0x080006bc                ADC1_IRQHandler
                0x080006bc                USART6_IRQHandler
                0x080006bc                EXTI15_IRQHandler
                0x080006bc                TIM17_IRQHandler
                0x080006bc                USART3_IRQHandler
                0x080006bc                RTC_IRQHandler
                0x080006bc                EXTI9_IRQHandler
                0x080006bc                LPTIM5_IRQHandler
                0x080006bc                UART5_IRQHandler
                0x080006bc                TIM4_IRQHandler
                0x080006bc                I2C1_EV_IRQHandler
                0x080006bc                GPDMA1_Channel1_IRQHandler
                0x080006bc                TIM16_IRQHandler
                0x080006bc                UART4_IRQHandler
                0x080006bc                SecureFault_Handler
                0x080006bc                TIM3_IRQHandler
                0x080006bc                RCC_IRQHandler
                0x080006bc                UART9_IRQHandler
                0x080006bc                TIM1_TRG_COM_IRQHandler
                0x080006bc                Default_Handler
                0x080006bc                FMAC_IRQHandler
                0x080006bc                CEC_IRQHandler
                0x080006bc                USART11_IRQHandler
                0x080006bc                TIM14_IRQHandler
                0x080006bc                TIM13_IRQHandler
                0x080006bc                GPDMA2_Channel4_IRQHandler
                0x080006bc                SPI5_IRQHandler
                0x080006bc                TIM12_IRQHandler
                0x080006bc                TIM7_IRQHandler
                0x080006bc                SDMMC1_IRQHandler
                0x080006bc                TIM5_IRQHandler
                0x080006bc                UCPD1_IRQHandler
                0x080006bc                GPDMA1_Channel0_IRQHandler
                0x080006bc                I3C1_EV_IRQHandler
                0x080006bc                TIM15_IRQHandler
                0x080006bc                PVD_AVD_IRQHandler
                0x080006bc                I2C3_EV_IRQHandler
                0x080006bc                ETH_WKUP_IRQHandler
                0x080006bc                ADC2_IRQHandler
                0x080006bc                SPI2_IRQHandler
                0x080006bc                EXTI14_IRQHandler
                0x080006bc                EXTI11_IRQHandler
                0x080006bc                CRS_IRQHandler
                0x080006bc                EXTI4_IRQHandler
                0x080006bc                GPDMA2_Channel0_IRQHandler
                0x080006bc                RTC_S_IRQHandler
                0x080006bc                RNG_IRQHandler
                0x080006bc                FDCAN2_IT1_IRQHandler
                0x080006bc                ETH_IRQHandler
                0x080006bc                GPDMA2_Channel6_IRQHandler
                0x080006bc                TIM1_UP_IRQHandler
                0x080006bc                UART12_IRQHandler
                0x080006bc                WWDG_IRQHandler
                0x080006bc                SPI6_IRQHandler
                0x080006bc                I2C4_EV_IRQHandler
                0x080006bc                FDCAN2_IT0_IRQHandler
                0x080006bc                IWDG_IRQHandler
                0x080006bc                LPUART1_IRQHandler
                0x080006bc                FDCAN1_IT0_IRQHandler
                0x080006bc                TIM2_IRQHandler
                0x080006bc                GPDMA1_Channel4_IRQHandler
                0x080006bc                EXTI7_IRQHandler
                0x080006bc                TIM1_BRK_IRQHandler
                0x080006bc                EXTI1_IRQHandler
                0x080006bc                SDMMC2_IRQHandler
                0x080006bc                LPTIM6_IRQHandler
                0x080006bc                DAC1_IRQHandler
                0x080006bc                DTS_IRQHandler
                0x080006bc                UART7_IRQHandler
                0x080006bc                GTZC_IRQHandler
                0x080006bc                USART2_IRQHandler
                0x080006bc                GPDMA1_Channel6_IRQHandler
                0x080006bc                GPDMA2_Channel7_IRQHandler
                0x080006bc                I2C2_ER_IRQHandler
                0x080006bc                TIM8_BRK_IRQHandler
                0x080006bc                FLASH_IRQHandler
                0x080006bc                USART1_IRQHandler
                0x080006bc                EXTI10_IRQHandler
                0x080006bc                SPI3_IRQHandler
                0x080006bc                I2C1_ER_IRQHandler
                0x080006bc                FMC_IRQHandler
                0x080006bc                EXTI6_IRQHandler
                0x080006bc                LPTIM1_IRQHandler
                0x080006bc                DCMI_PSSI_IRQHandler
                0x080006bc                I2C4_ER_IRQHandler
                0x080006bc                ICACHE_IRQHandler
                0x080006bc                SAI1_IRQHandler
                0x080006bc                EXTI2_IRQHandler
 *fill*         0x080006be        0x2 
 .text.SystemInit
                0x080006c0       0x9c ./Drivers/CMSIS/system_stm32h5xx.o
                0x080006c0                SystemInit
 .text.HAL_InitTick
                0x0800075c       0xa0 ./Drivers/STM32H5xx_HAL_Driver/stm32h5xx_hal.o
                0x0800075c                HAL_InitTick
 .text.HAL_Init
                0x080007fc       0x4c ./Drivers/STM32H5xx_HAL_Driver/stm32h5xx_hal.o
                0x080007fc                HAL_Init
 .text.HAL_IncTick
                0x08000848       0x18 ./Drivers/STM32H5xx_HAL_Driver/stm32h5xx_hal.o
                0x08000848                HAL_IncTick
 .text.HAL_GetTick
                0x08000860        0xc ./Drivers/STM32H5xx_HAL_Driver/stm32h5xx_hal.o
                0x08000860                HAL_GetTick
 .text.HAL_Delay
                0x0800086c       0x24 ./Drivers/STM32H5xx_HAL_Driver/stm32h5xx_hal.o
                0x0800086c                HAL_Delay
 .text.HAL_NVIC_SetPriorityGrouping
                0x08000890       0x24 ./Drivers/STM32H5xx_HAL_Driver/stm32h5xx_hal_cortex.o
                0x08000890                HAL_NVIC_SetPriorityGrouping
 .text.HAL_NVIC_SetPriority
                0x080008b4       0x78 ./Drivers/STM32H5xx_HAL_Driver/stm32h5xx_hal_cortex.o
                0x080008b4                HAL_NVIC_SetPriority
 .text.HAL_SYSTICK_Config
                0x0800092c       0x20 ./Drivers/STM32H5xx_HAL_Driver/stm32h5xx_hal_cortex.o
                0x0800092c                HAL_SYSTICK_Config
 .text.HAL_SYSTICK_CLKSourceConfig
                0x0800094c       0x7c ./Drivers/STM32H5xx_HAL_Driver/stm32h5xx_hal_cortex.o
                0x0800094c                HAL_SYSTICK_CLKSourceConfig
 .text.HAL_SYSTICK_GetCLKSourceConfig
                0x080009c8       0x34 ./Drivers/STM32H5xx_HAL_Driver/stm32h5xx_hal_cortex.o
                0x080009c8                HAL_SYSTICK_GetCLKSourceConfig
 .text.HAL_ICACHE_Enable
                0x080009fc       0x14 ./Drivers/STM32H5xx_HAL_Driver/stm32h5xx_hal_icache.o
                0x080009fc                HAL_ICACHE_Enable
 .text.HAL_PWREx_DisableUCPDDeadBattery
                0x08000a10       0x10 ./Drivers/STM32H5xx_HAL_Driver/stm32h5xx_hal_pwr_ex.o
                0x08000a10                HAL_PWREx_DisableUCPDDeadBattery
 .text.HAL_RCC_GetSysClockFreq.part.0
                0x08000a20      0x128 ./Drivers/STM32H5xx_HAL_Driver/stm32h5xx_hal_rcc.o
 .text.HAL_RCC_OscConfig
                0x08000b48      0x6ac ./Drivers/STM32H5xx_HAL_Driver/stm32h5xx_hal_rcc.o
                0x08000b48                HAL_RCC_OscConfig
 .text.HAL_RCC_ClockConfig
                0x080011f4      0x2ac ./Drivers/STM32H5xx_HAL_Driver/stm32h5xx_hal_rcc.o
                0x080011f4                HAL_RCC_ClockConfig
 .text.HAL_RCC_GetSysClockFreq
                0x080014a0       0x5c ./Drivers/STM32H5xx_HAL_Driver/stm32h5xx_hal_rcc.o
                0x080014a0                HAL_RCC_GetSysClockFreq
 .text.LL_EXTI_Init
                0x080014fc      0x1a0 ./Drivers/STM32H5xx_HAL_Driver/stm32h5xx_ll_exti.o
                0x080014fc                LL_EXTI_Init
 .text.LL_GPIO_Init
                0x0800169c      0x15c ./Drivers/STM32H5xx_HAL_Driver/stm32h5xx_ll_gpio.o
                0x0800169c                LL_GPIO_Init
 .text.memset   0x080017f8       0x10 /Applications/STM32CubeIDE.app/Contents/Eclipse/plugins/com.st.stm32cube.ide.mcu.externaltools.gnu-tools-for-stm32.13.3.rel1.macos64_1.0.0.202411102158/tools/bin/../lib/gcc/arm-none-eabi/13.3.1/../../../../arm-none-eabi/lib/thumb/v8-m.main+fp/hard/libc_nano.a(libc_a-memset.o)
                0x080017f8                memset
 .text.__libc_init_array
                0x08001808       0x48 /Applications/STM32CubeIDE.app/Contents/Eclipse/plugins/com.st.stm32cube.ide.mcu.externaltools.gnu-tools-for-stm32.13.3.rel1.macos64_1.0.0.202411102158/tools/bin/../lib/gcc/arm-none-eabi/13.3.1/../../../../arm-none-eabi/lib/thumb/v8-m.main+fp/hard/libc_nano.a(libc_a-init.o)
                0x08001808                __libc_init_array
 *(.glue_7)
 .glue_7        0x08001850        0x0 linker stubs
 *(.glue_7t)
 .glue_7t       0x08001850        0x0 linker stubs
 *(.eh_frame)
 .eh_frame      0x08001850        0x0 /Applications/STM32CubeIDE.app/Contents/Eclipse/plugins/com.st.stm32cube.ide.mcu.externaltools.gnu-tools-for-stm32.13.3.rel1.macos64_1.0.0.202411102158/tools/bin/../lib/gcc/arm-none-eabi/13.3.1/thumb/v8-m.main+fp/hard/crtbegin.o
 *(.init)
 .init          0x08001850        0x4 /Applications/STM32CubeIDE.app/Contents/Eclipse/plugins/com.st.stm32cube.ide.mcu.externaltools.gnu-tools-for-stm32.13.3.rel1.macos64_1.0.0.202411102158/tools/bin/../lib/gcc/arm-none-eabi/13.3.1/thumb/v8-m.main+fp/hard/crti.o
                0x08001850                _init
 .init          0x08001854        0x8 /Applications/STM32CubeIDE.app/Contents/Eclipse/plugins/com.st.stm32cube.ide.mcu.externaltools.gnu-tools-for-stm32.13.3.rel1.macos64_1.0.0.202411102158/tools/bin/../lib/gcc/arm-none-eabi/13.3.1/thumb/v8-m.main+fp/hard/crtn.o
 *(.fini)
 .fini          0x0800185c        0x4 /Applications/STM32CubeIDE.app/Contents/Eclipse/plugins/com.st.stm32cube.ide.mcu.externaltools.gnu-tools-for-stm32.13.3.rel1.macos64_1.0.0.202411102158/tools/bin/../lib/gcc/arm-none-eabi/13.3.1/thumb/v8-m.main+fp/hard/crti.o
                0x0800185c                _fini
 .fini          0x08001860        0x8 /Applications/STM32CubeIDE.app/Contents/Eclipse/plugins/com.st.stm32cube.ide.mcu.externaltools.gnu-tools-for-stm32.13.3.rel1.macos64_1.0.0.202411102158/tools/bin/../lib/gcc/arm-none-eabi/13.3.1/thumb/v8-m.main+fp/hard/crtn.o
                0x08001868                        . = ALIGN (0x4)
                0x08001868                        _etext = .

.vfp11_veneer   0x08001868        0x0
 .vfp11_veneer  0x08001868        0x0 linker stubs

.v4_bx          0x08001868        0x0
 .v4_bx         0x08001868        0x0 linker stubs

.iplt           0x08001868        0x0
 .iplt          0x08001868        0x0 /Applications/STM32CubeIDE.app/Contents/Eclipse/plugins/com.st.stm32cube.ide.mcu.externaltools.gnu-tools-for-stm32.13.3.rel1.macos64_1.0.0.202411102158/tools/bin/../lib/gcc/arm-none-eabi/13.3.1/thumb/v8-m.main+fp/hard/crtbegin.o

.rodata         0x08001868       0x10
                0x08001868                        . = ALIGN (0x4)
 *(.rodata)
 *(.rodata*)
 .rodata.AHBPrescTable
                0x08001868       0x10 ./Drivers/CMSIS/system_stm32h5xx.o
                0x08001868                AHBPrescTable
                0x08001878                        . = ALIGN (0x4)

.ARM.extab      0x08001878        0x0
                0x08001878                        . = ALIGN (0x4)
 *(.ARM.extab* .gnu.linkonce.armextab.*)
                0x08001878                        . = ALIGN (0x4)

.ARM            0x08001878        0x0
                0x08001878                        . = ALIGN (0x4)
                0x08001878                        __exidx_start = .
 *(.ARM.exidx*)
                0x08001878                        __exidx_end = .
                0x08001878                        . = ALIGN (0x4)

.preinit_array  0x08001878        0x0
                0x08001878                        . = ALIGN (0x4)
                0x08001878                        PROVIDE (__preinit_array_start = .)
 *(.preinit_array*)
                0x08001878                        PROVIDE (__preinit_array_end = .)
                0x08001878                        . = ALIGN (0x4)

.init_array     0x08001878        0x4
                0x08001878                        . = ALIGN (0x4)
                0x08001878                        PROVIDE (__init_array_start = .)
 *(SORT_BY_NAME(.init_array.*))
 *(.init_array*)
 .init_array    0x08001878        0x4 /Applications/STM32CubeIDE.app/Contents/Eclipse/plugins/com.st.stm32cube.ide.mcu.externaltools.gnu-tools-for-stm32.13.3.rel1.macos64_1.0.0.202411102158/tools/bin/../lib/gcc/arm-none-eabi/13.3.1/thumb/v8-m.main+fp/hard/crtbegin.o
                0x0800187c                        PROVIDE (__init_array_end = .)
                0x0800187c                        . = ALIGN (0x4)

.fini_array     0x0800187c        0x4
                0x0800187c                        . = ALIGN (0x4)
                [!provide]                        PROVIDE (__fini_array_start = .)
 *(SORT_BY_NAME(.fini_array.*))
 *(.fini_array*)
 .fini_array    0x0800187c        0x4 /Applications/STM32CubeIDE.app/Contents/Eclipse/plugins/com.st.stm32cube.ide.mcu.externaltools.gnu-tools-for-stm32.13.3.rel1.macos64_1.0.0.202411102158/tools/bin/../lib/gcc/arm-none-eabi/13.3.1/thumb/v8-m.main+fp/hard/crtbegin.o
                [!provide]                        PROVIDE (__fini_array_end = .)
                0x08001880                        . = ALIGN (0x4)
                0x08001880                        _sidata = LOADADDR (.data)

.rel.dyn        0x08001880        0x0
 .rel.iplt      0x08001880        0x0 /Applications/STM32CubeIDE.app/Contents/Eclipse/plugins/com.st.stm32cube.ide.mcu.externaltools.gnu-tools-for-stm32.13.3.rel1.macos64_1.0.0.202411102158/tools/bin/../lib/gcc/arm-none-eabi/13.3.1/thumb/v8-m.main+fp/hard/crtbegin.o

.data           0x20000000        0xc load address 0x08001880
                0x20000000                        . = ALIGN (0x4)
                0x20000000                        _sdata = .
 *(.data)
 *(.data*)
 .data.SystemCoreClock
                0x20000000        0x4 ./Drivers/CMSIS/system_stm32h5xx.o
                0x20000000                SystemCoreClock
 .data.uwTickFreq
                0x20000004        0x1 ./Drivers/STM32H5xx_HAL_Driver/stm32h5xx_hal.o
                0x20000004                uwTickFreq
 *fill*         0x20000005        0x3 
 .data.uwTickPrio
                0x20000008        0x4 ./Drivers/STM32H5xx_HAL_Driver/stm32h5xx_hal.o
                0x20000008                uwTickPrio
 *(.RamFunc)
 *(.RamFunc*)
                0x2000000c                        . = ALIGN (0x4)
                0x2000000c                        _edata = .

.igot.plt       0x2000000c        0x0 load address 0x0800188c
 .igot.plt      0x2000000c        0x0 /Applications/STM32CubeIDE.app/Contents/Eclipse/plugins/com.st.stm32cube.ide.mcu.externaltools.gnu-tools-for-stm32.13.3.rel1.macos64_1.0.0.202411102158/tools/bin/../lib/gcc/arm-none-eabi/13.3.1/thumb/v8-m.main+fp/hard/crtbegin.o
                0x2000000c                        . = ALIGN (0x4)

.bss            0x2000000c       0x24 load address 0x0800188c
                0x2000000c                        _sbss = .
                0x2000000c                        __bss_start__ = _sbss
 *(.bss)
 .bss           0x2000000c       0x1c /Applications/STM32CubeIDE.app/Contents/Eclipse/plugins/com.st.stm32cube.ide.mcu.externaltools.gnu-tools-for-stm32.13.3.rel1.macos64_1.0.0.202411102158/tools/bin/../lib/gcc/arm-none-eabi/13.3.1/thumb/v8-m.main+fp/hard/crtbegin.o
 *(.bss*)
 .bss.pushbutton
                0x20000028        0x4 ./Application/User/Core/main.o
                0x20000028                pushbutton
 .bss.uwTick    0x2000002c        0x4 ./Drivers/STM32H5xx_HAL_Driver/stm32h5xx_hal.o
                0x2000002c                uwTick
 *(COMMON)
                0x20000030                        . = ALIGN (0x4)
                0x20000030                        _ebss = .
                0x20000030                        __bss_end__ = _ebss

._user_heap_stack
                0x20000030      0x600 load address 0x0800188c
                0x20000030                        . = ALIGN (0x8)
                [!provide]                        PROVIDE (end = .)
                0x20000030                        PROVIDE (_end = .)
                0x20000230                        . = (. + _Min_Heap_Size)
 *fill*         0x20000030      0x200 
                0x20000630                        . = (. + _Min_Stack_Size)
 *fill*         0x20000230      0x400 
                0x20000630                        . = ALIGN (0x8)

/DISCARD/
 libc.a(*)
 libm.a(*)
 libgcc.a(*)

.ARM.attributes
                0x00000000       0x36
 *(.ARM.attributes)
 .ARM.attributes
                0x00000000       0x26 /Applications/STM32CubeIDE.app/Contents/Eclipse/plugins/com.st.stm32cube.ide.mcu.externaltools.gnu-tools-for-stm32.13.3.rel1.macos64_1.0.0.202411102158/tools/bin/../lib/gcc/arm-none-eabi/13.3.1/thumb/v8-m.main+fp/hard/crti.o
 .ARM.attributes
                0x00000026       0x38 /Applications/STM32CubeIDE.app/Contents/Eclipse/plugins/com.st.stm32cube.ide.mcu.externaltools.gnu-tools-for-stm32.13.3.rel1.macos64_1.0.0.202411102158/tools/bin/../lib/gcc/arm-none-eabi/13.3.1/thumb/v8-m.main+fp/hard/crtbegin.o
 .ARM.attributes
                0x0000005e       0x36 ./Application/User/Core/main.o
 .ARM.attributes
                0x00000094       0x36 ./Application/User/Core/stm32h5xx_hal_msp.o
 .ARM.attributes
                0x000000ca       0x36 ./Application/User/Core/stm32h5xx_it.o
 .ARM.attributes
                0x00000100       0x24 ./Application/User/Startup/startup_stm32h563zitx.o
 .ARM.attributes
                0x00000124       0x36 ./Drivers/CMSIS/system_stm32h5xx.o
 .ARM.attributes
                0x0000015a       0x36 ./Drivers/STM32H5xx_HAL_Driver/stm32h5xx_hal.o
 .ARM.attributes
                0x00000190       0x36 ./Drivers/STM32H5xx_HAL_Driver/stm32h5xx_hal_cortex.o
 .ARM.attributes
                0x000001c6       0x36 ./Drivers/STM32H5xx_HAL_Driver/stm32h5xx_hal_icache.o
 .ARM.attributes
                0x000001fc       0x36 ./Drivers/STM32H5xx_HAL_Driver/stm32h5xx_hal_pwr_ex.o
 .ARM.attributes
                0x00000232       0x36 ./Drivers/STM32H5xx_HAL_Driver/stm32h5xx_hal_rcc.o
 .ARM.attributes
                0x00000268       0x36 ./Drivers/STM32H5xx_HAL_Driver/stm32h5xx_ll_exti.o
 .ARM.attributes
                0x0000029e       0x36 ./Drivers/STM32H5xx_HAL_Driver/stm32h5xx_ll_gpio.o
 .ARM.attributes
                0x000002d4       0x38 /Applications/STM32CubeIDE.app/Contents/Eclipse/plugins/com.st.stm32cube.ide.mcu.externaltools.gnu-tools-for-stm32.13.3.rel1.macos64_1.0.0.202411102158/tools/bin/../lib/gcc/arm-none-eabi/13.3.1/../../../../arm-none-eabi/lib/thumb/v8-m.main+fp/hard/libc_nano.a(libc_a-memset.o)
 .ARM.attributes
                0x0000030c       0x38 /Applications/STM32CubeIDE.app/Contents/Eclipse/plugins/com.st.stm32cube.ide.mcu.externaltools.gnu-tools-for-stm32.13.3.rel1.macos64_1.0.0.202411102158/tools/bin/../lib/gcc/arm-none-eabi/13.3.1/../../../../arm-none-eabi/lib/thumb/v8-m.main+fp/hard/libc_nano.a(libc_a-init.o)
 .ARM.attributes
                0x00000344       0x26 /Applications/STM32CubeIDE.app/Contents/Eclipse/plugins/com.st.stm32cube.ide.mcu.externaltools.gnu-tools-for-stm32.13.3.rel1.macos64_1.0.0.202411102158/tools/bin/../lib/gcc/arm-none-eabi/13.3.1/thumb/v8-m.main+fp/hard/crtn.o
OUTPUT(NCP_Loader.elf elf32-littlearm)
LOAD linker stubs
LOAD /Applications/STM32CubeIDE.app/Contents/Eclipse/plugins/com.st.stm32cube.ide.mcu.externaltools.gnu-tools-for-stm32.13.3.rel1.macos64_1.0.0.202411102158/tools/bin/../lib/gcc/arm-none-eabi/13.3.1/../../../../arm-none-eabi/lib/thumb/v8-m.main+fp/hard/libc.a
LOAD /Applications/STM32CubeIDE.app/Contents/Eclipse/plugins/com.st.stm32cube.ide.mcu.externaltools.gnu-tools-for-stm32.13.3.rel1.macos64_1.0.0.202411102158/tools/bin/../lib/gcc/arm-none-eabi/13.3.1/../../../../arm-none-eabi/lib/thumb/v8-m.main+fp/hard/libm.a
LOAD /Applications/STM32CubeIDE.app/Contents/Eclipse/plugins/com.st.stm32cube.ide.mcu.externaltools.gnu-tools-for-stm32.13.3.rel1.macos64_1.0.0.202411102158/tools/bin/../lib/gcc/arm-none-eabi/13.3.1/thumb/v8-m.main+fp/hard/libgcc.a

.comment        0x00000000       0x43
 .comment       0x00000000       0x43 ./Application/User/Core/main.o
                                 0x44 (size before relaxing)
 .comment       0x00000043       0x44 ./Application/User/Core/stm32h5xx_hal_msp.o
 .comment       0x00000043       0x44 ./Application/User/Core/stm32h5xx_it.o
 .comment       0x00000043       0x44 ./Drivers/CMSIS/system_stm32h5xx.o
 .comment       0x00000043       0x44 ./Drivers/STM32H5xx_HAL_Driver/stm32h5xx_hal.o
 .comment       0x00000043       0x44 ./Drivers/STM32H5xx_HAL_Driver/stm32h5xx_hal_cortex.o
 .comment       0x00000043       0x44 ./Drivers/STM32H5xx_HAL_Driver/stm32h5xx_hal_icache.o
 .comment       0x00000043       0x44 ./Drivers/STM32H5xx_HAL_Driver/stm32h5xx_hal_pwr_ex.o
 .comment       0x00000043       0x44 ./Drivers/STM32H5xx_HAL_Driver/stm32h5xx_hal_rcc.o
 .comment       0x00000043       0x44 ./Drivers/STM32H5xx_HAL_Driver/stm32h5xx_ll_exti.o
 .comment       0x00000043       0x44 ./Drivers/STM32H5xx_HAL_Driver/stm32h5xx_ll_gpio.o

.debug_frame    0x00000000       0x4c
 .debug_frame   0x00000000       0x20 /Applications/STM32CubeIDE.app/Contents/Eclipse/plugins/com.st.stm32cube.ide.mcu.externaltools.gnu-tools-for-stm32.13.3.rel1.macos64_1.0.0.202411102158/tools/bin/../lib/gcc/arm-none-eabi/13.3.1/../../../../arm-none-eabi/lib/thumb/v8-m.main+fp/hard/libc_nano.a(libc_a-memset.o)
 .debug_frame   0x00000020       0x2c /Applications/STM32CubeIDE.app/Contents/Eclipse/plugins/com.st.stm32cube.ide.mcu.externaltools.gnu-tools-for-stm32.13.3.rel1.macos64_1.0.0.202411102158/tools/bin/../lib/gcc/arm-none-eabi/13.3.1/../../../../arm-none-eabi/lib/thumb/v8-m.main+fp/hard/libc_nano.a(libc_a-init.o)
