../../../../../../../Drivers/CMSIS/Include/core_cm33.h:2634:26:NVIC_EncodePriority	2
C:/Users/rmo31/Desktop/x-cube-st67w61/Projects/NUCLEO-H563ZI/Utilities/NCP/NCP_Loader/Core/Src/main.c:71:13:uart_pass_through	4
../../../../../../../Drivers/STM32H5xx_HAL_Driver/Inc/stm32h5xx_ll_gpio.h:283:22:LL_GPIO_SetPinMode	3
../../../../../../../Drivers/STM32H5xx_HAL_Driver/Inc/stm32h5xx_ll_gpio.h:496:22:LL_GPIO_SetPinPull	3
C:/Users/rmo31/Desktop/x-cube-st67w61/Projects/NUCLEO-H563ZI/Utilities/NCP/NCP_Loader/Core/Src/main.c:297:13:MX_GPIO_Init	1
C:/Users/rmo31/Desktop/x-cube-st67w61/Projects/NUCLEO-H563ZI/Utilities/NCP/NCP_Loader/Core/Src/main.c:103:13:uart_bypass	6
C:/Users/rmo31/Desktop/x-cube-st67w61/Projects/NUCLEO-H563ZI/Utilities/NCP/NCP_Loader/Core/Src/main.c:66:6:HAL_GPIO_EXTI_Falling_Callback	1
C:/Users/rmo31/Desktop/x-cube-st67w61/Projects/NUCLEO-H563ZI/Utilities/NCP/NCP_Loader/Core/Src/main.c:425:6:Error_Handler	1
C:/Users/rmo31/Desktop/x-cube-st67w61/Projects/NUCLEO-H563ZI/Utilities/NCP/NCP_Loader/Core/Src/main.c:269:13:MX_ICACHE_Init	1
C:/Users/rmo31/Desktop/x-cube-st67w61/Projects/NUCLEO-H563ZI/Utilities/NCP/NCP_Loader/Core/Src/main.c:210:6:SystemClock_Config	2
C:/Users/rmo31/Desktop/x-cube-st67w61/Projects/NUCLEO-H563ZI/Utilities/NCP/NCP_Loader/Core/Src/main.c:160:5:main	1
